
   FAIL  Tests\Feature\SprintCExportFormatsTest
  Ô¿» stock movement export csv format                                     0.52s  
  Ô¿» stock movement export xlsx format                                    0.10s  
  Ô¿» stock movement export pdf format                                     0.04s  
  Ô¿» stock movement export csv explicit format                            0.04s  
  Ô¿» audit log export csv format                                          0.02s  
  Ô¿» audit log export xlsx format                                         0.02s  
  Ô¿» audit log export pdf format                                          0.07s  
  Ô£ô export rejects invalid format                                        0.05s  
  Ô¿» export filename has correct extension                                0.04s  
  Ô¿» export format logged in audit                                        0.04s  
  Ô¿» staff can export with different formats                              0.04s  
  Ô¿» export with filters and format                                       0.04s  
  ÔöÇÔöÇÔöÇÔöÇÔöÇÔöÇÔöÇÔöÇÔöÇÔöÇÔöÇÔöÇÔöÇÔöÇÔöÇÔöÇÔöÇÔöÇÔöÇÔöÇÔöÇÔöÇÔöÇÔöÇÔöÇÔöÇÔöÇÔöÇÔöÇÔöÇÔöÇÔöÇÔöÇÔöÇÔöÇÔöÇÔöÇÔöÇÔöÇÔöÇÔöÇÔöÇÔöÇÔöÇÔöÇÔöÇÔöÇÔöÇÔöÇÔöÇÔöÇÔöÇÔöÇÔöÇÔöÇÔöÇÔöÇÔöÇÔöÇÔöÇÔöÇÔöÇÔöÇÔöÇÔöÇÔöÇÔöÇÔöÇÔöÇÔöÇÔöÇÔöÇÔöÇÔöÇÔöÇÔöÇ  
   FAILED  Tests\Feature\SprintCExportFormatsTest > stock movement export csÔÇª   
  Expected: 

  To contain: id

  at tests\Feature\SprintCExportFormatsTest.php:29
     25Ôûò             ->assertHeader('content-disposition');
     26Ôûò 
     27Ôûò         // Verify CSV response contains expected columns
     28Ôûò         $content = $response->getContent();
  Ô×£  29Ôûò         $this->assertStringContainsString('id', $content);
     30Ôûò         $this->assertStringContainsString('movement_datetime', $content);
     31Ôûò         $this->assertStringContainsString('product_id', $content);
     32Ôûò     }
     33Ôûò

  1   tests\Feature\SprintCExportFormatsTest.php:29

  ÔöÇÔöÇÔöÇÔöÇÔöÇÔöÇÔöÇÔöÇÔöÇÔöÇÔöÇÔöÇÔöÇÔöÇÔöÇÔöÇÔöÇÔöÇÔöÇÔöÇÔöÇÔöÇÔöÇÔöÇÔöÇÔöÇÔöÇÔöÇÔöÇÔöÇÔöÇÔöÇÔöÇÔöÇÔöÇÔöÇÔöÇÔöÇÔöÇÔöÇÔöÇÔöÇÔöÇÔöÇÔöÇÔöÇÔöÇÔöÇÔöÇÔöÇÔöÇÔöÇÔöÇÔöÇÔöÇÔöÇÔöÇÔöÇÔöÇÔöÇÔöÇÔöÇÔöÇÔöÇÔöÇÔöÇÔöÇÔöÇÔöÇÔöÇÔöÇÔöÇÔöÇÔöÇÔöÇÔöÇ  
   FAILED  Tests\Feature\SprintCExportFormatsTest > stock movement export xlÔÇª   
  Expected response status code [200] but received 500.
Failed asserting that 500 is identical to 200.

The following exception occurred during the last request:

Error: Object of class App\Domain\InventoryCore\Enums\MovementType could not be converted to string in D:\Projects\Mysztech\SIO - Stock Inventory Operations\sio_backend\app\Application\ReportingAudit\Reports\Services\ExportService.php:110
Stack trace:
#0 D:\Projects\Mysztech\SIO - Stock Inventory Operations\sio_backend\app\Application\ReportingAudit\Reports\Services\ExportService.php(41): App\Application\ReportingAudit\Reports\Services\ExportService->exportToExcel(Object(Illuminate\Database\Eloquent\Collection), Array, 'stock-movements...')
#1 D:\Projects\Mysztech\SIO - Stock Inventory Operations\sio_backend\app\Http\Controllers\Api\ReportingAudit\MovementReportController.php(78): App\Application\ReportingAudit\Reports\Services\ExportService->export(Object(Illuminate\Database\Eloquent\Collection), Array, 'stock-movements...', 'xlsx')
#2 D:\Projects\Mysztech\SIO - Stock Inventory Operations\sio_backend\vendor\laravel\framework\src\Illuminate\Routing\ControllerDispatcher.php(46): App\Http\Controllers\Api\ReportingAudit\MovementReportController->export(Object(App\Http\Requests\Api\ReportingAudit\Report\StockMovementReportRequest))
#3 D:\Projects\Mysztech\SIO - Stock Inventory Operations\sio_backend\vendor\laravel\framework\src\Illuminate\Routing\Route.php(269): Illuminate\Routing\ControllerDispatcher->dispatch(Object(Illuminate\Routing\Route), Object(App\Http\Controllers\Api\ReportingAudit\MovementReportController), 'export')
#4 D:\Projects\Mysztech\SIO - Stock Inventory Operations\sio_backend\vendor\laravel\framework\src\Illuminate\Routing\Route.php(215): Illuminate\Routing\Route->runController()
#5 D:\Projects\Mysztech\SIO - Stock Inventory Operations\sio_backend\vendor\laravel\framework\src\Illuminate\Routing\Router.php(822): Illuminate\Routing\Route->run()
#6 D:\Projects\Mysztech\SIO - Stock Inventory Operations\sio_backend\vendor\laravel\framework\src\Illuminate\Pipeline\Pipeline.php(180): Illuminate\Routing\Router->{closure:Illuminate\Routing\Router::runRouteWithinStack():821}(Object(Illuminate\Http\Request))
#7 D:\Projects\Mysztech\SIO - Stock Inventory Operations\sio_backend\vendor\laravel\framework\src\Illuminate\Auth\Middleware\Authorize.php(59): Illuminate\Pipeline\Pipeline->{closure:Illuminate\Pipeline\Pipeline::prepareDestination():178}(Object(Illuminate\Http\Request))
#8 D:\Projects\Mysztech\SIO - Stock Inventory Operations\sio_backend\vendor\laravel\framework\src\Illuminate\Pipeline\Pipeline.php(219): Illuminate\Auth\Middleware\Authorize->handle(Object(Illuminate\Http\Request), Object(Closure), 'access-staff')
#9 D:\Projects\Mysztech\SIO - Stock Inventory Operations\sio_backend\app\Http\Middleware\EnsureUserIsActive.php(20): Illuminate\Pipeline\Pipeline->{closure:{closure:Illuminate\Pipeline\Pipeline::carry():194}:195}(Object(Illuminate\Http\Request))
#10 D:\Projects\Mysztech\SIO - Stock Inventory Operations\sio_backend\vendor\laravel\framework\src\Illuminate\Pipeline\Pipeline.php(219): App\Http\Middleware\EnsureUserIsActive->handle(Object(Illuminate\Http\Request), Object(Closure))
#11 D:\Projects\Mysztech\SIO - Stock Inventory Operations\sio_backend\vendor\laravel\framework\src\Illuminate\Routing\Middleware\SubstituteBindings.php(52): Illuminate\Pipeline\Pipeline->{closure:{closure:Illuminate\Pipeline\Pipeline::carry():194}:195}(Object(Illuminate\Http\Request))
#12 D:\Projects\Mysztech\SIO - Stock Inventory Operations\sio_backend\vendor\laravel\framework\src\Illuminate\Pipeline\Pipeline.php(219): Illuminate\Routing\Middleware\SubstituteBindings->handle(Object(Illuminate\Http\Request), Object(Closure))
#13 D:\Projects\Mysztech\SIO - Stock Inventory Operations\sio_backend\vendor\laravel\framework\src\Illuminate\Auth\Middleware\Authenticate.php(63): Illuminate\Pipeline\Pipeline->{closure:{closure:Illuminate\Pipeline\Pipeline::carry():194}:195}(Object(Illuminate\Http\Request))
#14 D:\Projects\Mysztech\SIO - Stock Inventory Operations\sio_backend\vendor\laravel\framework\src\Illuminate\Pipeline\Pipeline.php(219): Illuminate\Auth\Middleware\Authenticate->handle(Object(Illuminate\Http\Request), Object(Closure), 'sanctum')
#15 D:\Projects\Mysztech\SIO - Stock Inventory Operations\sio_backend\vendor\laravel\framework\src\Illuminate\Pipeline\Pipeline.php(137): Illuminate\Pipeline\Pipeline->{closure:{closure:Illuminate\Pipeline\Pipeline::carry():194}:195}(Object(Illuminate\Http\Request))
#16 D:\Projects\Mysztech\SIO - Stock Inventory Operations\sio_backend\vendor\laravel\framework\src\Illuminate\Routing\Router.php(821): Illuminate\Pipeline\Pipeline->then(Object(Closure))
#17 D:\Projects\Mysztech\SIO - Stock Inventory Operations\sio_backend\vendor\laravel\framework\src\Illuminate\Routing\Router.php(800): Illuminate\Routing\Router->runRouteWithinStack(Object(Illuminate\Routing\Route), Object(Illuminate\Http\Request))
#18 D:\Projects\Mysztech\SIO - Stock Inventory Operations\sio_backend\vendor\laravel\framework\src\Illuminate\Routing\Router.php(764): Illuminate\Routing\Router->runRoute(Object(Illuminate\Http\Request), Object(Illuminate\Routing\Route))
#19 D:\Projects\Mysztech\SIO - Stock Inventory Operations\sio_backend\vendor\laravel\framework\src\Illuminate\Routing\Router.php(753): Illuminate\Routing\Router->dispatchToRoute(Object(Illuminate\Http\Request))
#20 D:\Projects\Mysztech\SIO - Stock Inventory Operations\sio_backend\vendor\laravel\framework\src\Illuminate\Foundation\Http\Kernel.php(200): Illuminate\Routing\Router->dispatch(Object(Illuminate\Http\Request))
#21 D:\Projects\Mysztech\SIO - Stock Inventory Operations\sio_backend\vendor\laravel\framework\src\Illuminate\Pipeline\Pipeline.php(180): Illuminate\Foundation\Http\Kernel->{closure:Illuminate\Foundation\Http\Kernel::dispatchToRouter():197}(Object(Illuminate\Http\Request))
#22 D:\Projects\Mysztech\SIO - Stock Inventory Operations\sio_backend\vendor\laravel\framework\src\Illuminate\Foundation\Http\Middleware\TransformsRequest.php(21): Illuminate\Pipeline\Pipeline->{closure:Illuminate\Pipeline\Pipeline::prepareDestination():178}(Object(Illuminate\Http\Request))
#23 D:\Projects\Mysztech\SIO - Stock Inventory Operations\sio_backend\vendor\laravel\framework\src\Illuminate\Foundation\Http\Middleware\ConvertEmptyStringsToNull.php(31): Illuminate\Foundation\Http\Middleware\TransformsRequest->handle(Object(Illuminate\Http\Request), Object(Closure))
#24 D:\Projects\Mysztech\SIO - Stock Inventory Operations\sio_backend\vendor\laravel\framework\src\Illuminate\Pipeline\Pipeline.php(219): Illuminate\Foundation\Http\Middleware\ConvertEmptyStringsToNull->handle(Object(Illuminate\Http\Request), Object(Closure))
#25 D:\Projects\Mysztech\SIO - Stock Inventory Operations\sio_backend\vendor\laravel\framework\src\Illuminate\Foundation\Http\Middleware\TransformsRequest.php(21): Illuminate\Pipeline\Pipeline->{closure:{closure:Illuminate\Pipeline\Pipeline::carry():194}:195}(Object(Illuminate\Http\Request))
#26 D:\Projects\Mysztech\SIO - Stock Inventory Operations\sio_backend\vendor\laravel\framework\src\Illuminate\Foundation\Http\Middleware\TrimStrings.php(51): Illuminate\Foundation\Http\Middleware\TransformsRequest->handle(Object(Illuminate\Http\Request), Object(Closure))
#27 D:\Projects\Mysztech\SIO - Stock Inventory Operations\sio_backend\vendor\laravel\framework\src\Illuminate\Pipeline\Pipeline.php(219): Illuminate\Foundation\Http\Middleware\TrimStrings->handle(Object(Illuminate\Http\Request), Object(Closure))
#28 D:\Projects\Mysztech\SIO - Stock Inventory Operations\sio_backend\vendor\laravel\framework\src\Illuminate\Http\Middleware\ValidatePostSize.php(27): Illuminate\Pipeline\Pipeline->{closure:{closure:Illuminate\Pipeline\Pipeline::carry():194}:195}(Object(Illuminate\Http\Request))
#29 D:\Projects\Mysztech\SIO - Stock Inventory Operations\sio_backend\vendor\laravel\framework\src\Illuminate\Pipeline\Pipeline.php(219): Illuminate\Http\Middleware\ValidatePostSize->handle(Object(Illuminate\Http\Request), Object(Closure))
#30 D:\Projects\Mysztech\SIO - Stock Inventory Operations\sio_backend\vendor\laravel\framework\src\Illuminate\Foundation\Http\Middleware\PreventRequestsDuringMaintenance.php(109): Illuminate\Pipeline\Pipeline->{closure:{closure:Illuminate\Pipeline\Pipeline::carry():194}:195}(Object(Illuminate\Http\Request))
#31 D:\Projects\Mysztech\SIO - Stock Inventory Operations\sio_backend\vendor\laravel\framework\src\Illuminate\Pipeline\Pipeline.php(219): Illuminate\Foundation\Http\Middleware\PreventRequestsDuringMaintenance->handle(Object(Illuminate\Http\Request), Object(Closure))
#32 D:\Projects\Mysztech\SIO - Stock Inventory Operations\sio_backend\vendor\laravel\framework\src\Illuminate\Http\Middleware\HandleCors.php(74): Illuminate\Pipeline\Pipeline->{closure:{closure:Illuminate\Pipeline\Pipeline::carry():194}:195}(Object(Illuminate\Http\Request))
#33 D:\Projects\Mysztech\SIO - Stock Inventory Operations\sio_backend\vendor\laravel\framework\src\Illuminate\Pipeline\Pipeline.php(219): Illuminate\Http\Middleware\HandleCors->handle(Object(Illuminate\Http\Request), Object(Closure))
#34 D:\Projects\Mysztech\SIO - Stock Inventory Operations\sio_backend\vendor\laravel\framework\src\Illuminate\Http\Middleware\TrustProxies.php(58): Illuminate\Pipeline\Pipeline->{closure:{closure:Illuminate\Pipeline\Pipeline::carry():194}:195}(Object(Illuminate\Http\Request))
#35 D:\Projects\Mysztech\SIO - Stock Inventory Operations\sio_backend\vendor\laravel\framework\src\Illuminate\Pipeline\Pipeline.php(219): Illuminate\Http\Middleware\TrustProxies->handle(Object(Illuminate\Http\Request), Object(Closure))
#36 D:\Projects\Mysztech\SIO - Stock Inventory Operations\sio_backend\vendor\laravel\framework\src\Illuminate\Foundation\Http\Middleware\InvokeDeferredCallbacks.php(22): Illuminate\Pipeline\Pipeline->{closure:{closure:Illuminate\Pipeline\Pipeline::carry():194}:195}(Object(Illuminate\Http\Request))
#37 D:\Projects\Mysztech\SIO - Stock Inventory Operations\sio_backend\vendor\laravel\framework\src\Illuminate\Pipeline\Pipeline.php(219): Illuminate\Foundation\Http\Middleware\InvokeDeferredCallbacks->handle(Object(Illuminate\Http\Request), Object(Closure))
#38 D:\Projects\Mysztech\SIO - Stock Inventory Operations\sio_backend\vendor\laravel\framework\src\Illuminate\Http\Middleware\ValidatePathEncoding.php(28): Illuminate\Pipeline\Pipeline->{closure:{closure:Illuminate\Pipeline\Pipeline::carry():194}:195}(Object(Illuminate\Http\Request))
#39 D:\Projects\Mysztech\SIO - Stock Inventory Operations\sio_backend\vendor\laravel\framework\src\Illuminate\Pipeline\Pipeline.php(219): Illuminate\Http\Middleware\ValidatePathEncoding->handle(Object(Illuminate\Http\Request), Object(Closure))
#40 D:\Projects\Mysztech\SIO - Stock Inventory Operations\sio_backend\vendor\laravel\framework\src\Illuminate\Pipeline\Pipeline.php(137): Illuminate\Pipeline\Pipeline->{closure:{closure:Illuminate\Pipeline\Pipeline::carry():194}:195}(Object(Illuminate\Http\Request))
#41 D:\Projects\Mysztech\SIO - Stock Inventory Operations\sio_backend\vendor\laravel\framework\src\Illuminate\Foundation\Http\Kernel.php(175): Illuminate\Pipeline\Pipeline->then(Object(Closure))
#42 D:\Projects\Mysztech\SIO - Stock Inventory Operations\sio_backend\vendor\laravel\framework\src\Illuminate\Foundation\Http\Kernel.php(144): Illuminate\Foundation\Http\Kernel->sendRequestThroughRouter(Object(Illuminate\Http\Request))
#43 D:\Projects\Mysztech\SIO - Stock Inventory Operations\sio_backend\vendor\laravel\framework\src\Illuminate\Foundation\Testing\Concerns\MakesHttpRequests.php(607): Illuminate\Foundation\Http\Kernel->handle(Object(Illuminate\Http\Request))
#44 D:\Projects\Mysztech\SIO - Stock Inventory Operations\sio_backend\vendor\laravel\framework\src\Illuminate\Foundation\Testing\Concerns\MakesHttpRequests.php(573): Illuminate\Foundation\Testing\TestCase->call('GET', '/api/reports/st...', Array, Array, Array, Array, '[]')
#45 D:\Projects\Mysztech\SIO - Stock Inventory Operations\sio_backend\vendor\laravel\framework\src\Illuminate\Foundation\Testing\Concerns\MakesHttpRequests.php(381): Illuminate\Foundation\Testing\TestCase->json('GET', '/api/reports/st...', Array, Array, 0)
#46 D:\Projects\Mysztech\SIO - Stock Inventory Operations\sio_backend\tests\Feature\SprintCExportFormatsTest.php(42): Illuminate\Foundation\Testing\TestCase->getJson('/api/reports/st...')
#47 D:\Projects\Mysztech\SIO - Stock Inventory Operations\sio_backend\vendor\phpunit\phpunit\src\Framework\TestCase.php(1332): Tests\Feature\SprintCExportFormatsTest->test_stock_movement_export_xlsx_format()
#48 D:\Projects\Mysztech\SIO - Stock Inventory Operations\sio_backend\vendor\phpunit\phpunit\src\Framework\TestCase.php(519): PHPUnit\Framework\TestCase->runTest()
#49 D:\Projects\Mysztech\SIO - Stock Inventory Operations\sio_backend\vendor\phpunit\phpunit\src\Framework\TestRunner\TestRunner.php(99): PHPUnit\Framework\TestCase->runBare()
#50 D:\Projects\Mysztech\SIO - Stock Inventory Operations\sio_backend\vendor\phpunit\phpunit\src\Framework\TestCase.php(359): PHPUnit\Framework\TestRunner->run(Object(Tests\Feature\SprintCExportFormatsTest))
#51 D:\Projects\Mysztech\SIO - Stock Inventory Operations\sio_backend\vendor\phpunit\phpunit\src\Framework\TestSuite.php(374): PHPUnit\Framework\TestCase->run()
#52 D:\Projects\Mysztech\SIO - Stock Inventory Operations\sio_backend\vendor\phpunit\phpunit\src\TextUI\TestRunner.php(64): PHPUnit\Framework\TestSuite->run()
#53 D:\Projects\Mysztech\SIO - Stock Inventory Operations\sio_backend\vendor\phpunit\phpunit\src\TextUI\Application.php(229): PHPUnit\TextUI\TestRunner->run(Object(PHPUnit\TextUI\Configuration\Configuration), Object(PHPUnit\Runner\ResultCache\DefaultResultCache), Object(PHPUnit\Framework\TestSuite))
#54 D:\Projects\Mysztech\SIO - Stock Inventory Operations\sio_backend\vendor\phpunit\phpunit\phpunit(104): PHPUnit\TextUI\Application->run(Array)
#55 {main}

----------------------------------------------------------------------------------

Object of class App\Domain\InventoryCore\Enums\MovementType could not be converted to string

  at tests\Feature\SprintCExportFormatsTest.php:43
     39Ôûò         Sanctum::actingAs($admin, ['admin-access']);
     40Ôûò 
     41Ôûò         // Export as XLSX
     42Ôûò         $response = $this->getJson('/api/reports/stock-movements/export?format=xlsx')
  Ô×£  43Ôûò             ->assertOk()
     44Ôûò             ->assertHeader('content-type', 'application/vnd.openxmlformats-officedocument.spreadsheetml.sheet');
     45Ôûò 
     46Ôûò         // Verify response is binary Excel file
     47Ôûò         $content = $response->getContent();

  ÔöÇÔöÇÔöÇÔöÇÔöÇÔöÇÔöÇÔöÇÔöÇÔöÇÔöÇÔöÇÔöÇÔöÇÔöÇÔöÇÔöÇÔöÇÔöÇÔöÇÔöÇÔöÇÔöÇÔöÇÔöÇÔöÇÔöÇÔöÇÔöÇÔöÇÔöÇÔöÇÔöÇÔöÇÔöÇÔöÇÔöÇÔöÇÔöÇÔöÇÔöÇÔöÇÔöÇÔöÇÔöÇÔöÇÔöÇÔöÇÔöÇÔöÇÔöÇÔöÇÔöÇÔöÇÔöÇÔöÇÔöÇÔöÇÔöÇÔöÇÔöÇÔöÇÔöÇÔöÇÔöÇÔöÇÔöÇÔöÇÔöÇÔöÇÔöÇÔöÇÔöÇÔöÇÔöÇÔöÇ  
   FAILED  Tests\Feature\SprintCExportFormatsTest > stock movement export pdÔÇª   
  Expected response status code [200] but received 500.
Failed asserting that 500 is identical to 200.

The following exception occurred during the last request:

Error: Object of class App\Domain\InventoryCore\Enums\MovementType could not be converted to string in D:\Projects\Mysztech\SIO - Stock Inventory Operations\sio_backend\app\Application\ReportingAudit\Reports\Services\ExportService.php:194
Stack trace:
#0 D:\Projects\Mysztech\SIO - Stock Inventory Operations\sio_backend\app\Application\ReportingAudit\Reports\Services\ExportService.php(151): App\Application\ReportingAudit\Reports\Services\ExportService->generateHtmlTable(Object(Illuminate\Database\Eloquent\Collection), Array)
#1 D:\Projects\Mysztech\SIO - Stock Inventory Operations\sio_backend\app\Application\ReportingAudit\Reports\Services\ExportService.php(42): App\Application\ReportingAudit\Reports\Services\ExportService->exportToPdf(Object(Illuminate\Database\Eloquent\Collection), Array, 'stock-movements...')
#2 D:\Projects\Mysztech\SIO - Stock Inventory Operations\sio_backend\app\Http\Controllers\Api\ReportingAudit\MovementReportController.php(78): App\Application\ReportingAudit\Reports\Services\ExportService->export(Object(Illuminate\Database\Eloquent\Collection), Array, 'stock-movements...', 'pdf')
#3 D:\Projects\Mysztech\SIO - Stock Inventory Operations\sio_backend\vendor\laravel\framework\src\Illuminate\Routing\ControllerDispatcher.php(46): App\Http\Controllers\Api\ReportingAudit\MovementReportController->export(Object(App\Http\Requests\Api\ReportingAudit\Report\StockMovementReportRequest))
#4 D:\Projects\Mysztech\SIO - Stock Inventory Operations\sio_backend\vendor\laravel\framework\src\Illuminate\Routing\Route.php(269): Illuminate\Routing\ControllerDispatcher->dispatch(Object(Illuminate\Routing\Route), Object(App\Http\Controllers\Api\ReportingAudit\MovementReportController), 'export')
#5 D:\Projects\Mysztech\SIO - Stock Inventory Operations\sio_backend\vendor\laravel\framework\src\Illuminate\Routing\Route.php(215): Illuminate\Routing\Route->runController()
#6 D:\Projects\Mysztech\SIO - Stock Inventory Operations\sio_backend\vendor\laravel\framework\src\Illuminate\Routing\Router.php(822): Illuminate\Routing\Route->run()
#7 D:\Projects\Mysztech\SIO - Stock Inventory Operations\sio_backend\vendor\laravel\framework\src\Illuminate\Pipeline\Pipeline.php(180): Illuminate\Routing\Router->{closure:Illuminate\Routing\Router::runRouteWithinStack():821}(Object(Illuminate\Http\Request))
#8 D:\Projects\Mysztech\SIO - Stock Inventory Operations\sio_backend\vendor\laravel\framework\src\Illuminate\Auth\Middleware\Authorize.php(59): Illuminate\Pipeline\Pipeline->{closure:Illuminate\Pipeline\Pipeline::prepareDestination():178}(Object(Illuminate\Http\Request))
#9 D:\Projects\Mysztech\SIO - Stock Inventory Operations\sio_backend\vendor\laravel\framework\src\Illuminate\Pipeline\Pipeline.php(219): Illuminate\Auth\Middleware\Authorize->handle(Object(Illuminate\Http\Request), Object(Closure), 'access-staff')
#10 D:\Projects\Mysztech\SIO - Stock Inventory Operations\sio_backend\app\Http\Middleware\EnsureUserIsActive.php(20): Illuminate\Pipeline\Pipeline->{closure:{closure:Illuminate\Pipeline\Pipeline::carry():194}:195}(Object(Illuminate\Http\Request))
#11 D:\Projects\Mysztech\SIO - Stock Inventory Operations\sio_backend\vendor\laravel\framework\src\Illuminate\Pipeline\Pipeline.php(219): App\Http\Middleware\EnsureUserIsActive->handle(Object(Illuminate\Http\Request), Object(Closure))
#12 D:\Projects\Mysztech\SIO - Stock Inventory Operations\sio_backend\vendor\laravel\framework\src\Illuminate\Routing\Middleware\SubstituteBindings.php(52): Illuminate\Pipeline\Pipeline->{closure:{closure:Illuminate\Pipeline\Pipeline::carry():194}:195}(Object(Illuminate\Http\Request))
#13 D:\Projects\Mysztech\SIO - Stock Inventory Operations\sio_backend\vendor\laravel\framework\src\Illuminate\Pipeline\Pipeline.php(219): Illuminate\Routing\Middleware\SubstituteBindings->handle(Object(Illuminate\Http\Request), Object(Closure))
#14 D:\Projects\Mysztech\SIO - Stock Inventory Operations\sio_backend\vendor\laravel\framework\src\Illuminate\Auth\Middleware\Authenticate.php(63): Illuminate\Pipeline\Pipeline->{closure:{closure:Illuminate\Pipeline\Pipeline::carry():194}:195}(Object(Illuminate\Http\Request))
#15 D:\Projects\Mysztech\SIO - Stock Inventory Operations\sio_backend\vendor\laravel\framework\src\Illuminate\Pipeline\Pipeline.php(219): Illuminate\Auth\Middleware\Authenticate->handle(Object(Illuminate\Http\Request), Object(Closure), 'sanctum')
#16 D:\Projects\Mysztech\SIO - Stock Inventory Operations\sio_backend\vendor\laravel\framework\src\Illuminate\Pipeline\Pipeline.php(137): Illuminate\Pipeline\Pipeline->{closure:{closure:Illuminate\Pipeline\Pipeline::carry():194}:195}(Object(Illuminate\Http\Request))
#17 D:\Projects\Mysztech\SIO - Stock Inventory Operations\sio_backend\vendor\laravel\framework\src\Illuminate\Routing\Router.php(821): Illuminate\Pipeline\Pipeline->then(Object(Closure))
#18 D:\Projects\Mysztech\SIO - Stock Inventory Operations\sio_backend\vendor\laravel\framework\src\Illuminate\Routing\Router.php(800): Illuminate\Routing\Router->runRouteWithinStack(Object(Illuminate\Routing\Route), Object(Illuminate\Http\Request))
#19 D:\Projects\Mysztech\SIO - Stock Inventory Operations\sio_backend\vendor\laravel\framework\src\Illuminate\Routing\Router.php(764): Illuminate\Routing\Router->runRoute(Object(Illuminate\Http\Request), Object(Illuminate\Routing\Route))
#20 D:\Projects\Mysztech\SIO - Stock Inventory Operations\sio_backend\vendor\laravel\framework\src\Illuminate\Routing\Router.php(753): Illuminate\Routing\Router->dispatchToRoute(Object(Illuminate\Http\Request))
#21 D:\Projects\Mysztech\SIO - Stock Inventory Operations\sio_backend\vendor\laravel\framework\src\Illuminate\Foundation\Http\Kernel.php(200): Illuminate\Routing\Router->dispatch(Object(Illuminate\Http\Request))
#22 D:\Projects\Mysztech\SIO - Stock Inventory Operations\sio_backend\vendor\laravel\framework\src\Illuminate\Pipeline\Pipeline.php(180): Illuminate\Foundation\Http\Kernel->{closure:Illuminate\Foundation\Http\Kernel::dispatchToRouter():197}(Object(Illuminate\Http\Request))
#23 D:\Projects\Mysztech\SIO - Stock Inventory Operations\sio_backend\vendor\laravel\framework\src\Illuminate\Foundation\Http\Middleware\TransformsRequest.php(21): Illuminate\Pipeline\Pipeline->{closure:Illuminate\Pipeline\Pipeline::prepareDestination():178}(Object(Illuminate\Http\Request))
#24 D:\Projects\Mysztech\SIO - Stock Inventory Operations\sio_backend\vendor\laravel\framework\src\Illuminate\Foundation\Http\Middleware\ConvertEmptyStringsToNull.php(31): Illuminate\Foundation\Http\Middleware\TransformsRequest->handle(Object(Illuminate\Http\Request), Object(Closure))
#25 D:\Projects\Mysztech\SIO - Stock Inventory Operations\sio_backend\vendor\laravel\framework\src\Illuminate\Pipeline\Pipeline.php(219): Illuminate\Foundation\Http\Middleware\ConvertEmptyStringsToNull->handle(Object(Illuminate\Http\Request), Object(Closure))
#26 D:\Projects\Mysztech\SIO - Stock Inventory Operations\sio_backend\vendor\laravel\framework\src\Illuminate\Foundation\Http\Middleware\TransformsRequest.php(21): Illuminate\Pipeline\Pipeline->{closure:{closure:Illuminate\Pipeline\Pipeline::carry():194}:195}(Object(Illuminate\Http\Request))
#27 D:\Projects\Mysztech\SIO - Stock Inventory Operations\sio_backend\vendor\laravel\framework\src\Illuminate\Foundation\Http\Middleware\TrimStrings.php(51): Illuminate\Foundation\Http\Middleware\TransformsRequest->handle(Object(Illuminate\Http\Request), Object(Closure))
#28 D:\Projects\Mysztech\SIO - Stock Inventory Operations\sio_backend\vendor\laravel\framework\src\Illuminate\Pipeline\Pipeline.php(219): Illuminate\Foundation\Http\Middleware\TrimStrings->handle(Object(Illuminate\Http\Request), Object(Closure))
#29 D:\Projects\Mysztech\SIO - Stock Inventory Operations\sio_backend\vendor\laravel\framework\src\Illuminate\Http\Middleware\ValidatePostSize.php(27): Illuminate\Pipeline\Pipeline->{closure:{closure:Illuminate\Pipeline\Pipeline::carry():194}:195}(Object(Illuminate\Http\Request))
#30 D:\Projects\Mysztech\SIO - Stock Inventory Operations\sio_backend\vendor\laravel\framework\src\Illuminate\Pipeline\Pipeline.php(219): Illuminate\Http\Middleware\ValidatePostSize->handle(Object(Illuminate\Http\Request), Object(Closure))
#31 D:\Projects\Mysztech\SIO - Stock Inventory Operations\sio_backend\vendor\laravel\framework\src\Illuminate\Foundation\Http\Middleware\PreventRequestsDuringMaintenance.php(109): Illuminate\Pipeline\Pipeline->{closure:{closure:Illuminate\Pipeline\Pipeline::carry():194}:195}(Object(Illuminate\Http\Request))
#32 D:\Projects\Mysztech\SIO - Stock Inventory Operations\sio_backend\vendor\laravel\framework\src\Illuminate\Pipeline\Pipeline.php(219): Illuminate\Foundation\Http\Middleware\PreventRequestsDuringMaintenance->handle(Object(Illuminate\Http\Request), Object(Closure))
#33 D:\Projects\Mysztech\SIO - Stock Inventory Operations\sio_backend\vendor\laravel\framework\src\Illuminate\Http\Middleware\HandleCors.php(74): Illuminate\Pipeline\Pipeline->{closure:{closure:Illuminate\Pipeline\Pipeline::carry():194}:195}(Object(Illuminate\Http\Request))
#34 D:\Projects\Mysztech\SIO - Stock Inventory Operations\sio_backend\vendor\laravel\framework\src\Illuminate\Pipeline\Pipeline.php(219): Illuminate\Http\Middleware\HandleCors->handle(Object(Illuminate\Http\Request), Object(Closure))
#35 D:\Projects\Mysztech\SIO - Stock Inventory Operations\sio_backend\vendor\laravel\framework\src\Illuminate\Http\Middleware\TrustProxies.php(58): Illuminate\Pipeline\Pipeline->{closure:{closure:Illuminate\Pipeline\Pipeline::carry():194}:195}(Object(Illuminate\Http\Request))
#36 D:\Projects\Mysztech\SIO - Stock Inventory Operations\sio_backend\vendor\laravel\framework\src\Illuminate\Pipeline\Pipeline.php(219): Illuminate\Http\Middleware\TrustProxies->handle(Object(Illuminate\Http\Request), Object(Closure))
#37 D:\Projects\Mysztech\SIO - Stock Inventory Operations\sio_backend\vendor\laravel\framework\src\Illuminate\Foundation\Http\Middleware\InvokeDeferredCallbacks.php(22): Illuminate\Pipeline\Pipeline->{closure:{closure:Illuminate\Pipeline\Pipeline::carry():194}:195}(Object(Illuminate\Http\Request))
#38 D:\Projects\Mysztech\SIO - Stock Inventory Operations\sio_backend\vendor\laravel\framework\src\Illuminate\Pipeline\Pipeline.php(219): Illuminate\Foundation\Http\Middleware\InvokeDeferredCallbacks->handle(Object(Illuminate\Http\Request), Object(Closure))
#39 D:\Projects\Mysztech\SIO - Stock Inventory Operations\sio_backend\vendor\laravel\framework\src\Illuminate\Http\Middleware\ValidatePathEncoding.php(28): Illuminate\Pipeline\Pipeline->{closure:{closure:Illuminate\Pipeline\Pipeline::carry():194}:195}(Object(Illuminate\Http\Request))
#40 D:\Projects\Mysztech\SIO - Stock Inventory Operations\sio_backend\vendor\laravel\framework\src\Illuminate\Pipeline\Pipeline.php(219): Illuminate\Http\Middleware\ValidatePathEncoding->handle(Object(Illuminate\Http\Request), Object(Closure))
#41 D:\Projects\Mysztech\SIO - Stock Inventory Operations\sio_backend\vendor\laravel\framework\src\Illuminate\Pipeline\Pipeline.php(137): Illuminate\Pipeline\Pipeline->{closure:{closure:Illuminate\Pipeline\Pipeline::carry():194}:195}(Object(Illuminate\Http\Request))
#42 D:\Projects\Mysztech\SIO - Stock Inventory Operations\sio_backend\vendor\laravel\framework\src\Illuminate\Foundation\Http\Kernel.php(175): Illuminate\Pipeline\Pipeline->then(Object(Closure))
#43 D:\Projects\Mysztech\SIO - Stock Inventory Operations\sio_backend\vendor\laravel\framework\src\Illuminate\Foundation\Http\Kernel.php(144): Illuminate\Foundation\Http\Kernel->sendRequestThroughRouter(Object(Illuminate\Http\Request))
#44 D:\Projects\Mysztech\SIO - Stock Inventory Operations\sio_backend\vendor\laravel\framework\src\Illuminate\Foundation\Testing\Concerns\MakesHttpRequests.php(607): Illuminate\Foundation\Http\Kernel->handle(Object(Illuminate\Http\Request))
#45 D:\Projects\Mysztech\SIO - Stock Inventory Operations\sio_backend\vendor\laravel\framework\src\Illuminate\Foundation\Testing\Concerns\MakesHttpRequests.php(573): Illuminate\Foundation\Testing\TestCase->call('GET', '/api/reports/st...', Array, Array, Array, Array, '[]')
#46 D:\Projects\Mysztech\SIO - Stock Inventory Operations\sio_backend\vendor\laravel\framework\src\Illuminate\Foundation\Testing\Concerns\MakesHttpRequests.php(381): Illuminate\Foundation\Testing\TestCase->json('GET', '/api/reports/st...', Array, Array, 0)
#47 D:\Projects\Mysztech\SIO - Stock Inventory Operations\sio_backend\tests\Feature\SprintCExportFormatsTest.php(61): Illuminate\Foundation\Testing\TestCase->getJson('/api/reports/st...')
#48 D:\Projects\Mysztech\SIO - Stock Inventory Operations\sio_backend\vendor\phpunit\phpunit\src\Framework\TestCase.php(1332): Tests\Feature\SprintCExportFormatsTest->test_stock_movement_export_pdf_format()
#49 D:\Projects\Mysztech\SIO - Stock Inventory Operations\sio_backend\vendor\phpunit\phpunit\src\Framework\TestCase.php(519): PHPUnit\Framework\TestCase->runTest()
#50 D:\Projects\Mysztech\SIO - Stock Inventory Operations\sio_backend\vendor\phpunit\phpunit\src\Framework\TestRunner\TestRunner.php(99): PHPUnit\Framework\TestCase->runBare()
#51 D:\Projects\Mysztech\SIO - Stock Inventory Operations\sio_backend\vendor\phpunit\phpunit\src\Framework\TestCase.php(359): PHPUnit\Framework\TestRunner->run(Object(Tests\Feature\SprintCExportFormatsTest))
#52 D:\Projects\Mysztech\SIO - Stock Inventory Operations\sio_backend\vendor\phpunit\phpunit\src\Framework\TestSuite.php(374): PHPUnit\Framework\TestCase->run()
#53 D:\Projects\Mysztech\SIO - Stock Inventory Operations\sio_backend\vendor\phpunit\phpunit\src\TextUI\TestRunner.php(64): PHPUnit\Framework\TestSuite->run()
#54 D:\Projects\Mysztech\SIO - Stock Inventory Operations\sio_backend\vendor\phpunit\phpunit\src\TextUI\Application.php(229): PHPUnit\TextUI\TestRunner->run(Object(PHPUnit\TextUI\Configuration\Configuration), Object(PHPUnit\Runner\ResultCache\DefaultResultCache), Object(PHPUnit\Framework\TestSuite))
#55 D:\Projects\Mysztech\SIO - Stock Inventory Operations\sio_backend\vendor\phpunit\phpunit\phpunit(104): PHPUnit\TextUI\Application->run(Array)
#56 {main}

----------------------------------------------------------------------------------

Object of class App\Domain\InventoryCore\Enums\MovementType could not be converted to string

  at tests\Feature\SprintCExportFormatsTest.php:62
     58Ôûò         Sanctum::actingAs($admin, ['admin-access']);
     59Ôûò 
     60Ôûò         // Export as PDF
     61Ôûò         $response = $this->getJson('/api/reports/stock-movements/export?format=pdf')
  Ô×£  62Ôûò             ->assertOk()
     63Ôûò             ->assertHeader('content-type', 'application/pdf');
     64Ôûò 
     65Ôûò         // Verify response is PDF file
     66Ôûò         $content = $response->getContent();

  ÔöÇÔöÇÔöÇÔöÇÔöÇÔöÇÔöÇÔöÇÔöÇÔöÇÔöÇÔöÇÔöÇÔöÇÔöÇÔöÇÔöÇÔöÇÔöÇÔöÇÔöÇÔöÇÔöÇÔöÇÔöÇÔöÇÔöÇÔöÇÔöÇÔöÇÔöÇÔöÇÔöÇÔöÇÔöÇÔöÇÔöÇÔöÇÔöÇÔöÇÔöÇÔöÇÔöÇÔöÇÔöÇÔöÇÔöÇÔöÇÔöÇÔöÇÔöÇÔöÇÔöÇÔöÇÔöÇÔöÇÔöÇÔöÇÔöÇÔöÇÔöÇÔöÇÔöÇÔöÇÔöÇÔöÇÔöÇÔöÇÔöÇÔöÇÔöÇÔöÇÔöÇÔöÇÔöÇÔöÇ  
   FAILED  Tests\Feature\SprintCExportFormatsTest > stock movement export csÔÇª   
  Expected: 

  To contain: movement_datetime

  at tests\Feature\SprintCExportFormatsTest.php:85
     81Ôûò             ->assertOk()
     82Ôûò             ->assertHeader('content-type', 'text/csv; charset=UTF-8');
     83Ôûò 
     84Ôûò         $content = $response->getContent();
  Ô×£  85Ôûò         $this->assertStringContainsString('movement_datetime', $content);
     86Ôûò     }
     87Ôûò 
     88Ôûò     public function test_audit_log_export_csv_format(): void
     89Ôûò     {

  1   tests\Feature\SprintCExportFormatsTest.php:85

  ÔöÇÔöÇÔöÇÔöÇÔöÇÔöÇÔöÇÔöÇÔöÇÔöÇÔöÇÔöÇÔöÇÔöÇÔöÇÔöÇÔöÇÔöÇÔöÇÔöÇÔöÇÔöÇÔöÇÔöÇÔöÇÔöÇÔöÇÔöÇÔöÇÔöÇÔöÇÔöÇÔöÇÔöÇÔöÇÔöÇÔöÇÔöÇÔöÇÔöÇÔöÇÔöÇÔöÇÔöÇÔöÇÔöÇÔöÇÔöÇÔöÇÔöÇÔöÇÔöÇÔöÇÔöÇÔöÇÔöÇÔöÇÔöÇÔöÇÔöÇÔöÇÔöÇÔöÇÔöÇÔöÇÔöÇÔöÇÔöÇÔöÇÔöÇÔöÇÔöÇÔöÇÔöÇÔöÇÔöÇ  
   FAILED  Tests\Feature\SprintCExportFormatsTest > audit log export csv forÔÇª   
  Expected: 

  To contain: id

  at tests\Feature\SprintCExportFormatsTest.php:100
     96Ôûò             ->assertOk()
     97Ôûò             ->assertHeader('content-type', 'text/csv; charset=UTF-8');
     98Ôûò 
     99Ôûò         $content = $response->getContent();
  Ô×£ 100Ôûò         $this->assertStringContainsString('id', $content);
    101Ôûò         $this->assertStringContainsString('user_id', $content);
    102Ôûò         $this->assertStringContainsString('action', $content);
    103Ôûò     }
    104Ôûò

  1   tests\Feature\SprintCExportFormatsTest.php:100

  ÔöÇÔöÇÔöÇÔöÇÔöÇÔöÇÔöÇÔöÇÔöÇÔöÇÔöÇÔöÇÔöÇÔöÇÔöÇÔöÇÔöÇÔöÇÔöÇÔöÇÔöÇÔöÇÔöÇÔöÇÔöÇÔöÇÔöÇÔöÇÔöÇÔöÇÔöÇÔöÇÔöÇÔöÇÔöÇÔöÇÔöÇÔöÇÔöÇÔöÇÔöÇÔöÇÔöÇÔöÇÔöÇÔöÇÔöÇÔöÇÔöÇÔöÇÔöÇÔöÇÔöÇÔöÇÔöÇÔöÇÔöÇÔöÇÔöÇÔöÇÔöÇÔöÇÔöÇÔöÇÔöÇÔöÇÔöÇÔöÇÔöÇÔöÇÔöÇÔöÇÔöÇÔöÇÔöÇÔöÇ  
   FAILED  Tests\Feature\SprintCExportFormatsTest > audit log export xlsx foÔÇª   
  Failed asserting that a boolean is not empty.

  at tests\Feature\SprintCExportFormatsTest.php:117
    113Ôûò             ->assertOk()
    114Ôûò             ->assertHeader('content-type', 'application/vnd.openxmlformats-officedocument.spreadsheetml.sheet');
    115Ôûò 
    116Ôûò         $content = $response->getContent();
  Ô×£ 117Ôûò         $this->assertNotEmpty($content);
    118Ôûò         $this->assertStringStartsWith('PK', $content);
    119Ôûò     }
    120Ôûò 
    121Ôûò     public function test_audit_log_export_pdf_format(): void

  1   tests\Feature\SprintCExportFormatsTest.php:117

  ÔöÇÔöÇÔöÇÔöÇÔöÇÔöÇÔöÇÔöÇÔöÇÔöÇÔöÇÔöÇÔöÇÔöÇÔöÇÔöÇÔöÇÔöÇÔöÇÔöÇÔöÇÔöÇÔöÇÔöÇÔöÇÔöÇÔöÇÔöÇÔöÇÔöÇÔöÇÔöÇÔöÇÔöÇÔöÇÔöÇÔöÇÔöÇÔöÇÔöÇÔöÇÔöÇÔöÇÔöÇÔöÇÔöÇÔöÇÔöÇÔöÇÔöÇÔöÇÔöÇÔöÇÔöÇÔöÇÔöÇÔöÇÔöÇÔöÇÔöÇÔöÇÔöÇÔöÇÔöÇÔöÇÔöÇÔöÇÔöÇÔöÇÔöÇÔöÇÔöÇÔöÇÔöÇÔöÇÔöÇ  
   FAILED  Tests\Feature\SprintCExportFormatsTest > audit log export pdf forÔÇª   
  Failed asserting that a boolean is not empty.

  at tests\Feature\SprintCExportFormatsTest.php:133
    129Ôûò             ->assertOk()
    130Ôûò             ->assertHeader('content-type', 'application/pdf');
    131Ôûò 
    132Ôûò         $content = $response->getContent();
  Ô×£ 133Ôûò         $this->assertNotEmpty($content);
    134Ôûò         $this->assertStringStartsWith('%PDF', $content);
    135Ôûò     }
    136Ôûò 
    137Ôûò     public function test_export_rejects_invalid_format(): void

  1   tests\Feature\SprintCExportFormatsTest.php:133

  ÔöÇÔöÇÔöÇÔöÇÔöÇÔöÇÔöÇÔöÇÔöÇÔöÇÔöÇÔöÇÔöÇÔöÇÔöÇÔöÇÔöÇÔöÇÔöÇÔöÇÔöÇÔöÇÔöÇÔöÇÔöÇÔöÇÔöÇÔöÇÔöÇÔöÇÔöÇÔöÇÔöÇÔöÇÔöÇÔöÇÔöÇÔöÇÔöÇÔöÇÔöÇÔöÇÔöÇÔöÇÔöÇÔöÇÔöÇÔöÇÔöÇÔöÇÔöÇÔöÇÔöÇÔöÇÔöÇÔöÇÔöÇÔöÇÔöÇÔöÇÔöÇÔöÇÔöÇÔöÇÔöÇÔöÇÔöÇÔöÇÔöÇÔöÇÔöÇÔöÇÔöÇÔöÇÔöÇÔöÇ  
   FAILED  Tests\Feature\SprintCExportFormatsTest > export filename has corrÔÇª   
  Expected response status code [200] but received 500.
Failed asserting that 500 is identical to 200.

The following exception occurred during the last request:

Error: Object of class App\Domain\InventoryCore\Enums\MovementType could not be converted to string in D:\Projects\Mysztech\SIO - Stock Inventory Operations\sio_backend\app\Application\ReportingAudit\Reports\Services\ExportService.php:110
Stack trace:
#0 D:\Projects\Mysztech\SIO - Stock Inventory Operations\sio_backend\app\Application\ReportingAudit\Reports\Services\ExportService.php(41): App\Application\ReportingAudit\Reports\Services\ExportService->exportToExcel(Object(Illuminate\Database\Eloquent\Collection), Array, 'stock-movements...')
#1 D:\Projects\Mysztech\SIO - Stock Inventory Operations\sio_backend\app\Http\Controllers\Api\ReportingAudit\MovementReportController.php(78): App\Application\ReportingAudit\Reports\Services\ExportService->export(Object(Illuminate\Database\Eloquent\Collection), Array, 'stock-movements...', 'xlsx')
#2 D:\Projects\Mysztech\SIO - Stock Inventory Operations\sio_backend\vendor\laravel\framework\src\Illuminate\Routing\ControllerDispatcher.php(46): App\Http\Controllers\Api\ReportingAudit\MovementReportController->export(Object(App\Http\Requests\Api\ReportingAudit\Report\StockMovementReportRequest))
#3 D:\Projects\Mysztech\SIO - Stock Inventory Operations\sio_backend\vendor\laravel\framework\src\Illuminate\Routing\Route.php(269): Illuminate\Routing\ControllerDispatcher->dispatch(Object(Illuminate\Routing\Route), Object(App\Http\Controllers\Api\ReportingAudit\MovementReportController), 'export')
#4 D:\Projects\Mysztech\SIO - Stock Inventory Operations\sio_backend\vendor\laravel\framework\src\Illuminate\Routing\Route.php(215): Illuminate\Routing\Route->runController()
#5 D:\Projects\Mysztech\SIO - Stock Inventory Operations\sio_backend\vendor\laravel\framework\src\Illuminate\Routing\Router.php(822): Illuminate\Routing\Route->run()
#6 D:\Projects\Mysztech\SIO - Stock Inventory Operations\sio_backend\vendor\laravel\framework\src\Illuminate\Pipeline\Pipeline.php(180): Illuminate\Routing\Router->{closure:Illuminate\Routing\Router::runRouteWithinStack():821}(Object(Illuminate\Http\Request))
#7 D:\Projects\Mysztech\SIO - Stock Inventory Operations\sio_backend\vendor\laravel\framework\src\Illuminate\Auth\Middleware\Authorize.php(59): Illuminate\Pipeline\Pipeline->{closure:Illuminate\Pipeline\Pipeline::prepareDestination():178}(Object(Illuminate\Http\Request))
#8 D:\Projects\Mysztech\SIO - Stock Inventory Operations\sio_backend\vendor\laravel\framework\src\Illuminate\Pipeline\Pipeline.php(219): Illuminate\Auth\Middleware\Authorize->handle(Object(Illuminate\Http\Request), Object(Closure), 'access-staff')
#9 D:\Projects\Mysztech\SIO - Stock Inventory Operations\sio_backend\app\Http\Middleware\EnsureUserIsActive.php(20): Illuminate\Pipeline\Pipeline->{closure:{closure:Illuminate\Pipeline\Pipeline::carry():194}:195}(Object(Illuminate\Http\Request))
#10 D:\Projects\Mysztech\SIO - Stock Inventory Operations\sio_backend\vendor\laravel\framework\src\Illuminate\Pipeline\Pipeline.php(219): App\Http\Middleware\EnsureUserIsActive->handle(Object(Illuminate\Http\Request), Object(Closure))
#11 D:\Projects\Mysztech\SIO - Stock Inventory Operations\sio_backend\vendor\laravel\framework\src\Illuminate\Routing\Middleware\SubstituteBindings.php(52): Illuminate\Pipeline\Pipeline->{closure:{closure:Illuminate\Pipeline\Pipeline::carry():194}:195}(Object(Illuminate\Http\Request))
#12 D:\Projects\Mysztech\SIO - Stock Inventory Operations\sio_backend\vendor\laravel\framework\src\Illuminate\Pipeline\Pipeline.php(219): Illuminate\Routing\Middleware\SubstituteBindings->handle(Object(Illuminate\Http\Request), Object(Closure))
#13 D:\Projects\Mysztech\SIO - Stock Inventory Operations\sio_backend\vendor\laravel\framework\src\Illuminate\Auth\Middleware\Authenticate.php(63): Illuminate\Pipeline\Pipeline->{closure:{closure:Illuminate\Pipeline\Pipeline::carry():194}:195}(Object(Illuminate\Http\Request))
#14 D:\Projects\Mysztech\SIO - Stock Inventory Operations\sio_backend\vendor\laravel\framework\src\Illuminate\Pipeline\Pipeline.php(219): Illuminate\Auth\Middleware\Authenticate->handle(Object(Illuminate\Http\Request), Object(Closure), 'sanctum')
#15 D:\Projects\Mysztech\SIO - Stock Inventory Operations\sio_backend\vendor\laravel\framework\src\Illuminate\Pipeline\Pipeline.php(137): Illuminate\Pipeline\Pipeline->{closure:{closure:Illuminate\Pipeline\Pipeline::carry():194}:195}(Object(Illuminate\Http\Request))
#16 D:\Projects\Mysztech\SIO - Stock Inventory Operations\sio_backend\vendor\laravel\framework\src\Illuminate\Routing\Router.php(821): Illuminate\Pipeline\Pipeline->then(Object(Closure))
#17 D:\Projects\Mysztech\SIO - Stock Inventory Operations\sio_backend\vendor\laravel\framework\src\Illuminate\Routing\Router.php(800): Illuminate\Routing\Router->runRouteWithinStack(Object(Illuminate\Routing\Route), Object(Illuminate\Http\Request))
#18 D:\Projects\Mysztech\SIO - Stock Inventory Operations\sio_backend\vendor\laravel\framework\src\Illuminate\Routing\Router.php(764): Illuminate\Routing\Router->runRoute(Object(Illuminate\Http\Request), Object(Illuminate\Routing\Route))
#19 D:\Projects\Mysztech\SIO - Stock Inventory Operations\sio_backend\vendor\laravel\framework\src\Illuminate\Routing\Router.php(753): Illuminate\Routing\Router->dispatchToRoute(Object(Illuminate\Http\Request))
#20 D:\Projects\Mysztech\SIO - Stock Inventory Operations\sio_backend\vendor\laravel\framework\src\Illuminate\Foundation\Http\Kernel.php(200): Illuminate\Routing\Router->dispatch(Object(Illuminate\Http\Request))
#21 D:\Projects\Mysztech\SIO - Stock Inventory Operations\sio_backend\vendor\laravel\framework\src\Illuminate\Pipeline\Pipeline.php(180): Illuminate\Foundation\Http\Kernel->{closure:Illuminate\Foundation\Http\Kernel::dispatchToRouter():197}(Object(Illuminate\Http\Request))
#22 D:\Projects\Mysztech\SIO - Stock Inventory Operations\sio_backend\vendor\laravel\framework\src\Illuminate\Foundation\Http\Middleware\TransformsRequest.php(21): Illuminate\Pipeline\Pipeline->{closure:Illuminate\Pipeline\Pipeline::prepareDestination():178}(Object(Illuminate\Http\Request))
#23 D:\Projects\Mysztech\SIO - Stock Inventory Operations\sio_backend\vendor\laravel\framework\src\Illuminate\Foundation\Http\Middleware\ConvertEmptyStringsToNull.php(31): Illuminate\Foundation\Http\Middleware\TransformsRequest->handle(Object(Illuminate\Http\Request), Object(Closure))
#24 D:\Projects\Mysztech\SIO - Stock Inventory Operations\sio_backend\vendor\laravel\framework\src\Illuminate\Pipeline\Pipeline.php(219): Illuminate\Foundation\Http\Middleware\ConvertEmptyStringsToNull->handle(Object(Illuminate\Http\Request), Object(Closure))
#25 D:\Projects\Mysztech\SIO - Stock Inventory Operations\sio_backend\vendor\laravel\framework\src\Illuminate\Foundation\Http\Middleware\TransformsRequest.php(21): Illuminate\Pipeline\Pipeline->{closure:{closure:Illuminate\Pipeline\Pipeline::carry():194}:195}(Object(Illuminate\Http\Request))
#26 D:\Projects\Mysztech\SIO - Stock Inventory Operations\sio_backend\vendor\laravel\framework\src\Illuminate\Foundation\Http\Middleware\TrimStrings.php(51): Illuminate\Foundation\Http\Middleware\TransformsRequest->handle(Object(Illuminate\Http\Request), Object(Closure))
#27 D:\Projects\Mysztech\SIO - Stock Inventory Operations\sio_backend\vendor\laravel\framework\src\Illuminate\Pipeline\Pipeline.php(219): Illuminate\Foundation\Http\Middleware\TrimStrings->handle(Object(Illuminate\Http\Request), Object(Closure))
#28 D:\Projects\Mysztech\SIO - Stock Inventory Operations\sio_backend\vendor\laravel\framework\src\Illuminate\Http\Middleware\ValidatePostSize.php(27): Illuminate\Pipeline\Pipeline->{closure:{closure:Illuminate\Pipeline\Pipeline::carry():194}:195}(Object(Illuminate\Http\Request))
#29 D:\Projects\Mysztech\SIO - Stock Inventory Operations\sio_backend\vendor\laravel\framework\src\Illuminate\Pipeline\Pipeline.php(219): Illuminate\Http\Middleware\ValidatePostSize->handle(Object(Illuminate\Http\Request), Object(Closure))
#30 D:\Projects\Mysztech\SIO - Stock Inventory Operations\sio_backend\vendor\laravel\framework\src\Illuminate\Foundation\Http\Middleware\PreventRequestsDuringMaintenance.php(109): Illuminate\Pipeline\Pipeline->{closure:{closure:Illuminate\Pipeline\Pipeline::carry():194}:195}(Object(Illuminate\Http\Request))
#31 D:\Projects\Mysztech\SIO - Stock Inventory Operations\sio_backend\vendor\laravel\framework\src\Illuminate\Pipeline\Pipeline.php(219): Illuminate\Foundation\Http\Middleware\PreventRequestsDuringMaintenance->handle(Object(Illuminate\Http\Request), Object(Closure))
#32 D:\Projects\Mysztech\SIO - Stock Inventory Operations\sio_backend\vendor\laravel\framework\src\Illuminate\Http\Middleware\HandleCors.php(74): Illuminate\Pipeline\Pipeline->{closure:{closure:Illuminate\Pipeline\Pipeline::carry():194}:195}(Object(Illuminate\Http\Request))
#33 D:\Projects\Mysztech\SIO - Stock Inventory Operations\sio_backend\vendor\laravel\framework\src\Illuminate\Pipeline\Pipeline.php(219): Illuminate\Http\Middleware\HandleCors->handle(Object(Illuminate\Http\Request), Object(Closure))
#34 D:\Projects\Mysztech\SIO - Stock Inventory Operations\sio_backend\vendor\laravel\framework\src\Illuminate\Http\Middleware\TrustProxies.php(58): Illuminate\Pipeline\Pipeline->{closure:{closure:Illuminate\Pipeline\Pipeline::carry():194}:195}(Object(Illuminate\Http\Request))
#35 D:\Projects\Mysztech\SIO - Stock Inventory Operations\sio_backend\vendor\laravel\framework\src\Illuminate\Pipeline\Pipeline.php(219): Illuminate\Http\Middleware\TrustProxies->handle(Object(Illuminate\Http\Request), Object(Closure))
#36 D:\Projects\Mysztech\SIO - Stock Inventory Operations\sio_backend\vendor\laravel\framework\src\Illuminate\Foundation\Http\Middleware\InvokeDeferredCallbacks.php(22): Illuminate\Pipeline\Pipeline->{closure:{closure:Illuminate\Pipeline\Pipeline::carry():194}:195}(Object(Illuminate\Http\Request))
#37 D:\Projects\Mysztech\SIO - Stock Inventory Operations\sio_backend\vendor\laravel\framework\src\Illuminate\Pipeline\Pipeline.php(219): Illuminate\Foundation\Http\Middleware\InvokeDeferredCallbacks->handle(Object(Illuminate\Http\Request), Object(Closure))
#38 D:\Projects\Mysztech\SIO - Stock Inventory Operations\sio_backend\vendor\laravel\framework\src\Illuminate\Http\Middleware\ValidatePathEncoding.php(28): Illuminate\Pipeline\Pipeline->{closure:{closure:Illuminate\Pipeline\Pipeline::carry():194}:195}(Object(Illuminate\Http\Request))
#39 D:\Projects\Mysztech\SIO - Stock Inventory Operations\sio_backend\vendor\laravel\framework\src\Illuminate\Pipeline\Pipeline.php(219): Illuminate\Http\Middleware\ValidatePathEncoding->handle(Object(Illuminate\Http\Request), Object(Closure))
#40 D:\Projects\Mysztech\SIO - Stock Inventory Operations\sio_backend\vendor\laravel\framework\src\Illuminate\Pipeline\Pipeline.php(137): Illuminate\Pipeline\Pipeline->{closure:{closure:Illuminate\Pipeline\Pipeline::carry():194}:195}(Object(Illuminate\Http\Request))
#41 D:\Projects\Mysztech\SIO - Stock Inventory Operations\sio_backend\vendor\laravel\framework\src\Illuminate\Foundation\Http\Kernel.php(175): Illuminate\Pipeline\Pipeline->then(Object(Closure))
#42 D:\Projects\Mysztech\SIO - Stock Inventory Operations\sio_backend\vendor\laravel\framework\src\Illuminate\Foundation\Http\Kernel.php(144): Illuminate\Foundation\Http\Kernel->sendRequestThroughRouter(Object(Illuminate\Http\Request))
#43 D:\Projects\Mysztech\SIO - Stock Inventory Operations\sio_backend\vendor\laravel\framework\src\Illuminate\Foundation\Testing\Concerns\MakesHttpRequests.php(607): Illuminate\Foundation\Http\Kernel->handle(Object(Illuminate\Http\Request))
#44 D:\Projects\Mysztech\SIO - Stock Inventory Operations\sio_backend\vendor\laravel\framework\src\Illuminate\Foundation\Testing\Concerns\MakesHttpRequests.php(573): Illuminate\Foundation\Testing\TestCase->call('GET', '/api/reports/st...', Array, Array, Array, Array, '[]')
#45 D:\Projects\Mysztech\SIO - Stock Inventory Operations\sio_backend\vendor\laravel\framework\src\Illuminate\Foundation\Testing\Concerns\MakesHttpRequests.php(381): Illuminate\Foundation\Testing\TestCase->json('GET', '/api/reports/st...', Array, Array, 0)
#46 D:\Projects\Mysztech\SIO - Stock Inventory Operations\sio_backend\tests\Feature\SprintCExportFormatsTest.php(164): Illuminate\Foundation\Testing\TestCase->getJson('/api/reports/st...')
#47 D:\Projects\Mysztech\SIO - Stock Inventory Operations\sio_backend\vendor\phpunit\phpunit\src\Framework\TestCase.php(1332): Tests\Feature\SprintCExportFormatsTest->test_export_filename_has_correct_extension()
#48 D:\Projects\Mysztech\SIO - Stock Inventory Operations\sio_backend\vendor\phpunit\phpunit\src\Framework\TestCase.php(519): PHPUnit\Framework\TestCase->runTest()
#49 D:\Projects\Mysztech\SIO - Stock Inventory Operations\sio_backend\vendor\phpunit\phpunit\src\Framework\TestRunner\TestRunner.php(99): PHPUnit\Framework\TestCase->runBare()
#50 D:\Projects\Mysztech\SIO - Stock Inventory Operations\sio_backend\vendor\phpunit\phpunit\src\Framework\TestCase.php(359): PHPUnit\Framework\TestRunner->run(Object(Tests\Feature\SprintCExportFormatsTest))
#51 D:\Projects\Mysztech\SIO - Stock Inventory Operations\sio_backend\vendor\phpunit\phpunit\src\Framework\TestSuite.php(374): PHPUnit\Framework\TestCase->run()
#52 D:\Projects\Mysztech\SIO - Stock Inventory Operations\sio_backend\vendor\phpunit\phpunit\src\TextUI\TestRunner.php(64): PHPUnit\Framework\TestSuite->run()
#53 D:\Projects\Mysztech\SIO - Stock Inventory Operations\sio_backend\vendor\phpunit\phpunit\src\TextUI\Application.php(229): PHPUnit\TextUI\TestRunner->run(Object(PHPUnit\TextUI\Configuration\Configuration), Object(PHPUnit\Runner\ResultCache\DefaultResultCache), Object(PHPUnit\Framework\TestSuite))
#54 D:\Projects\Mysztech\SIO - Stock Inventory Operations\sio_backend\vendor\phpunit\phpunit\phpunit(104): PHPUnit\TextUI\Application->run(Array)
#55 {main}

----------------------------------------------------------------------------------

Object of class App\Domain\InventoryCore\Enums\MovementType could not be converted to string

  at tests\Feature\SprintCExportFormatsTest.php:165
    161Ôûò         $this->assertStringContainsString('.csv', $contentDisposition);
    162Ôûò 
    163Ôûò         // Export as XLSX
    164Ôûò         $response = $this->getJson('/api/reports/stock-movements/export?format=xlsx')
  Ô×£ 165Ôûò             ->assertOk();
    166Ôûò 
    167Ôûò         $contentDisposition = $response->headers->get('content-disposition');
    168Ôûò         $this->assertStringContainsString('.xlsx', $contentDisposition);
    169Ôûò

  ÔöÇÔöÇÔöÇÔöÇÔöÇÔöÇÔöÇÔöÇÔöÇÔöÇÔöÇÔöÇÔöÇÔöÇÔöÇÔöÇÔöÇÔöÇÔöÇÔöÇÔöÇÔöÇÔöÇÔöÇÔöÇÔöÇÔöÇÔöÇÔöÇÔöÇÔöÇÔöÇÔöÇÔöÇÔöÇÔöÇÔöÇÔöÇÔöÇÔöÇÔöÇÔöÇÔöÇÔöÇÔöÇÔöÇÔöÇÔöÇÔöÇÔöÇÔöÇÔöÇÔöÇÔöÇÔöÇÔöÇÔöÇÔöÇÔöÇÔöÇÔöÇÔöÇÔöÇÔöÇÔöÇÔöÇÔöÇÔöÇÔöÇÔöÇÔöÇÔöÇÔöÇÔöÇÔöÇÔöÇ  
   FAILED  Tests\Feature\SprintCExportFormatsTest > export format logged inÔÇª    
  Expected response status code [200] but received 500.
Failed asserting that 500 is identical to 200.

The following exception occurred during the last request:

Error: Object of class App\Domain\InventoryCore\Enums\MovementType could not be converted to string in D:\Projects\Mysztech\SIO - Stock Inventory Operations\sio_backend\app\Application\ReportingAudit\Reports\Services\ExportService.php:110
Stack trace:
#0 D:\Projects\Mysztech\SIO - Stock Inventory Operations\sio_backend\app\Application\ReportingAudit\Reports\Services\ExportService.php(41): App\Application\ReportingAudit\Reports\Services\ExportService->exportToExcel(Object(Illuminate\Database\Eloquent\Collection), Array, 'stock-movements...')
#1 D:\Projects\Mysztech\SIO - Stock Inventory Operations\sio_backend\app\Http\Controllers\Api\ReportingAudit\MovementReportController.php(78): App\Application\ReportingAudit\Reports\Services\ExportService->export(Object(Illuminate\Database\Eloquent\Collection), Array, 'stock-movements...', 'xlsx')
#2 D:\Projects\Mysztech\SIO - Stock Inventory Operations\sio_backend\vendor\laravel\framework\src\Illuminate\Routing\ControllerDispatcher.php(46): App\Http\Controllers\Api\ReportingAudit\MovementReportController->export(Object(App\Http\Requests\Api\ReportingAudit\Report\StockMovementReportRequest))
#3 D:\Projects\Mysztech\SIO - Stock Inventory Operations\sio_backend\vendor\laravel\framework\src\Illuminate\Routing\Route.php(269): Illuminate\Routing\ControllerDispatcher->dispatch(Object(Illuminate\Routing\Route), Object(App\Http\Controllers\Api\ReportingAudit\MovementReportController), 'export')
#4 D:\Projects\Mysztech\SIO - Stock Inventory Operations\sio_backend\vendor\laravel\framework\src\Illuminate\Routing\Route.php(215): Illuminate\Routing\Route->runController()
#5 D:\Projects\Mysztech\SIO - Stock Inventory Operations\sio_backend\vendor\laravel\framework\src\Illuminate\Routing\Router.php(822): Illuminate\Routing\Route->run()
#6 D:\Projects\Mysztech\SIO - Stock Inventory Operations\sio_backend\vendor\laravel\framework\src\Illuminate\Pipeline\Pipeline.php(180): Illuminate\Routing\Router->{closure:Illuminate\Routing\Router::runRouteWithinStack():821}(Object(Illuminate\Http\Request))
#7 D:\Projects\Mysztech\SIO - Stock Inventory Operations\sio_backend\vendor\laravel\framework\src\Illuminate\Auth\Middleware\Authorize.php(59): Illuminate\Pipeline\Pipeline->{closure:Illuminate\Pipeline\Pipeline::prepareDestination():178}(Object(Illuminate\Http\Request))
#8 D:\Projects\Mysztech\SIO - Stock Inventory Operations\sio_backend\vendor\laravel\framework\src\Illuminate\Pipeline\Pipeline.php(219): Illuminate\Auth\Middleware\Authorize->handle(Object(Illuminate\Http\Request), Object(Closure), 'access-staff')
#9 D:\Projects\Mysztech\SIO - Stock Inventory Operations\sio_backend\app\Http\Middleware\EnsureUserIsActive.php(20): Illuminate\Pipeline\Pipeline->{closure:{closure:Illuminate\Pipeline\Pipeline::carry():194}:195}(Object(Illuminate\Http\Request))
#10 D:\Projects\Mysztech\SIO - Stock Inventory Operations\sio_backend\vendor\laravel\framework\src\Illuminate\Pipeline\Pipeline.php(219): App\Http\Middleware\EnsureUserIsActive->handle(Object(Illuminate\Http\Request), Object(Closure))
#11 D:\Projects\Mysztech\SIO - Stock Inventory Operations\sio_backend\vendor\laravel\framework\src\Illuminate\Routing\Middleware\SubstituteBindings.php(52): Illuminate\Pipeline\Pipeline->{closure:{closure:Illuminate\Pipeline\Pipeline::carry():194}:195}(Object(Illuminate\Http\Request))
#12 D:\Projects\Mysztech\SIO - Stock Inventory Operations\sio_backend\vendor\laravel\framework\src\Illuminate\Pipeline\Pipeline.php(219): Illuminate\Routing\Middleware\SubstituteBindings->handle(Object(Illuminate\Http\Request), Object(Closure))
#13 D:\Projects\Mysztech\SIO - Stock Inventory Operations\sio_backend\vendor\laravel\framework\src\Illuminate\Auth\Middleware\Authenticate.php(63): Illuminate\Pipeline\Pipeline->{closure:{closure:Illuminate\Pipeline\Pipeline::carry():194}:195}(Object(Illuminate\Http\Request))
#14 D:\Projects\Mysztech\SIO - Stock Inventory Operations\sio_backend\vendor\laravel\framework\src\Illuminate\Pipeline\Pipeline.php(219): Illuminate\Auth\Middleware\Authenticate->handle(Object(Illuminate\Http\Request), Object(Closure), 'sanctum')
#15 D:\Projects\Mysztech\SIO - Stock Inventory Operations\sio_backend\vendor\laravel\framework\src\Illuminate\Pipeline\Pipeline.php(137): Illuminate\Pipeline\Pipeline->{closure:{closure:Illuminate\Pipeline\Pipeline::carry():194}:195}(Object(Illuminate\Http\Request))
#16 D:\Projects\Mysztech\SIO - Stock Inventory Operations\sio_backend\vendor\laravel\framework\src\Illuminate\Routing\Router.php(821): Illuminate\Pipeline\Pipeline->then(Object(Closure))
#17 D:\Projects\Mysztech\SIO - Stock Inventory Operations\sio_backend\vendor\laravel\framework\src\Illuminate\Routing\Router.php(800): Illuminate\Routing\Router->runRouteWithinStack(Object(Illuminate\Routing\Route), Object(Illuminate\Http\Request))
#18 D:\Projects\Mysztech\SIO - Stock Inventory Operations\sio_backend\vendor\laravel\framework\src\Illuminate\Routing\Router.php(764): Illuminate\Routing\Router->runRoute(Object(Illuminate\Http\Request), Object(Illuminate\Routing\Route))
#19 D:\Projects\Mysztech\SIO - Stock Inventory Operations\sio_backend\vendor\laravel\framework\src\Illuminate\Routing\Router.php(753): Illuminate\Routing\Router->dispatchToRoute(Object(Illuminate\Http\Request))
#20 D:\Projects\Mysztech\SIO - Stock Inventory Operations\sio_backend\vendor\laravel\framework\src\Illuminate\Foundation\Http\Kernel.php(200): Illuminate\Routing\Router->dispatch(Object(Illuminate\Http\Request))
#21 D:\Projects\Mysztech\SIO - Stock Inventory Operations\sio_backend\vendor\laravel\framework\src\Illuminate\Pipeline\Pipeline.php(180): Illuminate\Foundation\Http\Kernel->{closure:Illuminate\Foundation\Http\Kernel::dispatchToRouter():197}(Object(Illuminate\Http\Request))
#22 D:\Projects\Mysztech\SIO - Stock Inventory Operations\sio_backend\vendor\laravel\framework\src\Illuminate\Foundation\Http\Middleware\TransformsRequest.php(21): Illuminate\Pipeline\Pipeline->{closure:Illuminate\Pipeline\Pipeline::prepareDestination():178}(Object(Illuminate\Http\Request))
#23 D:\Projects\Mysztech\SIO - Stock Inventory Operations\sio_backend\vendor\laravel\framework\src\Illuminate\Foundation\Http\Middleware\ConvertEmptyStringsToNull.php(31): Illuminate\Foundation\Http\Middleware\TransformsRequest->handle(Object(Illuminate\Http\Request), Object(Closure))
#24 D:\Projects\Mysztech\SIO - Stock Inventory Operations\sio_backend\vendor\laravel\framework\src\Illuminate\Pipeline\Pipeline.php(219): Illuminate\Foundation\Http\Middleware\ConvertEmptyStringsToNull->handle(Object(Illuminate\Http\Request), Object(Closure))
#25 D:\Projects\Mysztech\SIO - Stock Inventory Operations\sio_backend\vendor\laravel\framework\src\Illuminate\Foundation\Http\Middleware\TransformsRequest.php(21): Illuminate\Pipeline\Pipeline->{closure:{closure:Illuminate\Pipeline\Pipeline::carry():194}:195}(Object(Illuminate\Http\Request))
#26 D:\Projects\Mysztech\SIO - Stock Inventory Operations\sio_backend\vendor\laravel\framework\src\Illuminate\Foundation\Http\Middleware\TrimStrings.php(51): Illuminate\Foundation\Http\Middleware\TransformsRequest->handle(Object(Illuminate\Http\Request), Object(Closure))
#27 D:\Projects\Mysztech\SIO - Stock Inventory Operations\sio_backend\vendor\laravel\framework\src\Illuminate\Pipeline\Pipeline.php(219): Illuminate\Foundation\Http\Middleware\TrimStrings->handle(Object(Illuminate\Http\Request), Object(Closure))
#28 D:\Projects\Mysztech\SIO - Stock Inventory Operations\sio_backend\vendor\laravel\framework\src\Illuminate\Http\Middleware\ValidatePostSize.php(27): Illuminate\Pipeline\Pipeline->{closure:{closure:Illuminate\Pipeline\Pipeline::carry():194}:195}(Object(Illuminate\Http\Request))
#29 D:\Projects\Mysztech\SIO - Stock Inventory Operations\sio_backend\vendor\laravel\framework\src\Illuminate\Pipeline\Pipeline.php(219): Illuminate\Http\Middleware\ValidatePostSize->handle(Object(Illuminate\Http\Request), Object(Closure))
#30 D:\Projects\Mysztech\SIO - Stock Inventory Operations\sio_backend\vendor\laravel\framework\src\Illuminate\Foundation\Http\Middleware\PreventRequestsDuringMaintenance.php(109): Illuminate\Pipeline\Pipeline->{closure:{closure:Illuminate\Pipeline\Pipeline::carry():194}:195}(Object(Illuminate\Http\Request))
#31 D:\Projects\Mysztech\SIO - Stock Inventory Operations\sio_backend\vendor\laravel\framework\src\Illuminate\Pipeline\Pipeline.php(219): Illuminate\Foundation\Http\Middleware\PreventRequestsDuringMaintenance->handle(Object(Illuminate\Http\Request), Object(Closure))
#32 D:\Projects\Mysztech\SIO - Stock Inventory Operations\sio_backend\vendor\laravel\framework\src\Illuminate\Http\Middleware\HandleCors.php(74): Illuminate\Pipeline\Pipeline->{closure:{closure:Illuminate\Pipeline\Pipeline::carry():194}:195}(Object(Illuminate\Http\Request))
#33 D:\Projects\Mysztech\SIO - Stock Inventory Operations\sio_backend\vendor\laravel\framework\src\Illuminate\Pipeline\Pipeline.php(219): Illuminate\Http\Middleware\HandleCors->handle(Object(Illuminate\Http\Request), Object(Closure))
#34 D:\Projects\Mysztech\SIO - Stock Inventory Operations\sio_backend\vendor\laravel\framework\src\Illuminate\Http\Middleware\TrustProxies.php(58): Illuminate\Pipeline\Pipeline->{closure:{closure:Illuminate\Pipeline\Pipeline::carry():194}:195}(Object(Illuminate\Http\Request))
#35 D:\Projects\Mysztech\SIO - Stock Inventory Operations\sio_backend\vendor\laravel\framework\src\Illuminate\Pipeline\Pipeline.php(219): Illuminate\Http\Middleware\TrustProxies->handle(Object(Illuminate\Http\Request), Object(Closure))
#36 D:\Projects\Mysztech\SIO - Stock Inventory Operations\sio_backend\vendor\laravel\framework\src\Illuminate\Foundation\Http\Middleware\InvokeDeferredCallbacks.php(22): Illuminate\Pipeline\Pipeline->{closure:{closure:Illuminate\Pipeline\Pipeline::carry():194}:195}(Object(Illuminate\Http\Request))
#37 D:\Projects\Mysztech\SIO - Stock Inventory Operations\sio_backend\vendor\laravel\framework\src\Illuminate\Pipeline\Pipeline.php(219): Illuminate\Foundation\Http\Middleware\InvokeDeferredCallbacks->handle(Object(Illuminate\Http\Request), Object(Closure))
#38 D:\Projects\Mysztech\SIO - Stock Inventory Operations\sio_backend\vendor\laravel\framework\src\Illuminate\Http\Middleware\ValidatePathEncoding.php(28): Illuminate\Pipeline\Pipeline->{closure:{closure:Illuminate\Pipeline\Pipeline::carry():194}:195}(Object(Illuminate\Http\Request))
#39 D:\Projects\Mysztech\SIO - Stock Inventory Operations\sio_backend\vendor\laravel\framework\src\Illuminate\Pipeline\Pipeline.php(219): Illuminate\Http\Middleware\ValidatePathEncoding->handle(Object(Illuminate\Http\Request), Object(Closure))
#40 D:\Projects\Mysztech\SIO - Stock Inventory Operations\sio_backend\vendor\laravel\framework\src\Illuminate\Pipeline\Pipeline.php(137): Illuminate\Pipeline\Pipeline->{closure:{closure:Illuminate\Pipeline\Pipeline::carry():194}:195}(Object(Illuminate\Http\Request))
#41 D:\Projects\Mysztech\SIO - Stock Inventory Operations\sio_backend\vendor\laravel\framework\src\Illuminate\Foundation\Http\Kernel.php(175): Illuminate\Pipeline\Pipeline->then(Object(Closure))
#42 D:\Projects\Mysztech\SIO - Stock Inventory Operations\sio_backend\vendor\laravel\framework\src\Illuminate\Foundation\Http\Kernel.php(144): Illuminate\Foundation\Http\Kernel->sendRequestThroughRouter(Object(Illuminate\Http\Request))
#43 D:\Projects\Mysztech\SIO - Stock Inventory Operations\sio_backend\vendor\laravel\framework\src\Illuminate\Foundation\Testing\Concerns\MakesHttpRequests.php(607): Illuminate\Foundation\Http\Kernel->handle(Object(Illuminate\Http\Request))
#44 D:\Projects\Mysztech\SIO - Stock Inventory Operations\sio_backend\vendor\laravel\framework\src\Illuminate\Foundation\Testing\Concerns\MakesHttpRequests.php(573): Illuminate\Foundation\Testing\TestCase->call('GET', '/api/reports/st...', Array, Array, Array, Array, '[]')
#45 D:\Projects\Mysztech\SIO - Stock Inventory Operations\sio_backend\vendor\laravel\framework\src\Illuminate\Foundation\Testing\Concerns\MakesHttpRequests.php(381): Illuminate\Foundation\Testing\TestCase->json('GET', '/api/reports/st...', Array, Array, 0)
#46 D:\Projects\Mysztech\SIO - Stock Inventory Operations\sio_backend\tests\Feature\SprintCExportFormatsTest.php(186): Illuminate\Foundation\Testing\TestCase->getJson('/api/reports/st...')
#47 D:\Projects\Mysztech\SIO - Stock Inventory Operations\sio_backend\vendor\phpunit\phpunit\src\Framework\TestCase.php(1332): Tests\Feature\SprintCExportFormatsTest->test_export_format_logged_in_audit()
#48 D:\Projects\Mysztech\SIO - Stock Inventory Operations\sio_backend\vendor\phpunit\phpunit\src\Framework\TestCase.php(519): PHPUnit\Framework\TestCase->runTest()
#49 D:\Projects\Mysztech\SIO - Stock Inventory Operations\sio_backend\vendor\phpunit\phpunit\src\Framework\TestRunner\TestRunner.php(99): PHPUnit\Framework\TestCase->runBare()
#50 D:\Projects\Mysztech\SIO - Stock Inventory Operations\sio_backend\vendor\phpunit\phpunit\src\Framework\TestCase.php(359): PHPUnit\Framework\TestRunner->run(Object(Tests\Feature\SprintCExportFormatsTest))
#51 D:\Projects\Mysztech\SIO - Stock Inventory Operations\sio_backend\vendor\phpunit\phpunit\src\Framework\TestSuite.php(374): PHPUnit\Framework\TestCase->run()
#52 D:\Projects\Mysztech\SIO - Stock Inventory Operations\sio_backend\vendor\phpunit\phpunit\src\TextUI\TestRunner.php(64): PHPUnit\Framework\TestSuite->run()
#53 D:\Projects\Mysztech\SIO - Stock Inventory Operations\sio_backend\vendor\phpunit\phpunit\src\TextUI\Application.php(229): PHPUnit\TextUI\TestRunner->run(Object(PHPUnit\TextUI\Configuration\Configuration), Object(PHPUnit\Runner\ResultCache\DefaultResultCache), Object(PHPUnit\Framework\TestSuite))
#54 D:\Projects\Mysztech\SIO - Stock Inventory Operations\sio_backend\vendor\phpunit\phpunit\phpunit(104): PHPUnit\TextUI\Application->run(Array)
#55 {main}

----------------------------------------------------------------------------------

Object of class App\Domain\InventoryCore\Enums\MovementType could not be converted to string

  at tests\Feature\SprintCExportFormatsTest.php:187
    183Ôûò         Sanctum::actingAs($admin, ['admin-access']);
    184Ôûò 
    185Ôûò         // Export as XLSX
    186Ôûò         $this->getJson('/api/reports/stock-movements/export?format=xlsx')
  Ô×£ 187Ôûò             ->assertOk();
    188Ôûò 
    189Ôûò         // Verify audit log includes format
    190Ôûò         $this->assertDatabaseHas('audit_logs', [
    191Ôûò             'user_id' => $admin->id,

  ÔöÇÔöÇÔöÇÔöÇÔöÇÔöÇÔöÇÔöÇÔöÇÔöÇÔöÇÔöÇÔöÇÔöÇÔöÇÔöÇÔöÇÔöÇÔöÇÔöÇÔöÇÔöÇÔöÇÔöÇÔöÇÔöÇÔöÇÔöÇÔöÇÔöÇÔöÇÔöÇÔöÇÔöÇÔöÇÔöÇÔöÇÔöÇÔöÇÔöÇÔöÇÔöÇÔöÇÔöÇÔöÇÔöÇÔöÇÔöÇÔöÇÔöÇÔöÇÔöÇÔöÇÔöÇÔöÇÔöÇÔöÇÔöÇÔöÇÔöÇÔöÇÔöÇÔöÇÔöÇÔöÇÔöÇÔöÇÔöÇÔöÇÔöÇÔöÇÔöÇÔöÇÔöÇÔöÇÔöÇ  
   FAILED  Tests\Feature\SprintCExportFormatsTest > staff can export with diÔÇª   
  Expected response status code [200] but received 500.
Failed asserting that 500 is identical to 200.

The following exception occurred during the last request:

Error: Object of class App\Domain\InventoryCore\Enums\MovementType could not be converted to string in D:\Projects\Mysztech\SIO - Stock Inventory Operations\sio_backend\app\Application\ReportingAudit\Reports\Services\ExportService.php:194
Stack trace:
#0 D:\Projects\Mysztech\SIO - Stock Inventory Operations\sio_backend\app\Application\ReportingAudit\Reports\Services\ExportService.php(151): App\Application\ReportingAudit\Reports\Services\ExportService->generateHtmlTable(Object(Illuminate\Database\Eloquent\Collection), Array)
#1 D:\Projects\Mysztech\SIO - Stock Inventory Operations\sio_backend\app\Application\ReportingAudit\Reports\Services\ExportService.php(42): App\Application\ReportingAudit\Reports\Services\ExportService->exportToPdf(Object(Illuminate\Database\Eloquent\Collection), Array, 'stock-movements...')
#2 D:\Projects\Mysztech\SIO - Stock Inventory Operations\sio_backend\app\Http\Controllers\Api\ReportingAudit\MovementReportController.php(78): App\Application\ReportingAudit\Reports\Services\ExportService->export(Object(Illuminate\Database\Eloquent\Collection), Array, 'stock-movements...', 'pdf')
#3 D:\Projects\Mysztech\SIO - Stock Inventory Operations\sio_backend\vendor\laravel\framework\src\Illuminate\Routing\ControllerDispatcher.php(46): App\Http\Controllers\Api\ReportingAudit\MovementReportController->export(Object(App\Http\Requests\Api\ReportingAudit\Report\StockMovementReportRequest))
#4 D:\Projects\Mysztech\SIO - Stock Inventory Operations\sio_backend\vendor\laravel\framework\src\Illuminate\Routing\Route.php(269): Illuminate\Routing\ControllerDispatcher->dispatch(Object(Illuminate\Routing\Route), Object(App\Http\Controllers\Api\ReportingAudit\MovementReportController), 'export')
#5 D:\Projects\Mysztech\SIO - Stock Inventory Operations\sio_backend\vendor\laravel\framework\src\Illuminate\Routing\Route.php(215): Illuminate\Routing\Route->runController()
#6 D:\Projects\Mysztech\SIO - Stock Inventory Operations\sio_backend\vendor\laravel\framework\src\Illuminate\Routing\Router.php(822): Illuminate\Routing\Route->run()
#7 D:\Projects\Mysztech\SIO - Stock Inventory Operations\sio_backend\vendor\laravel\framework\src\Illuminate\Pipeline\Pipeline.php(180): Illuminate\Routing\Router->{closure:Illuminate\Routing\Router::runRouteWithinStack():821}(Object(Illuminate\Http\Request))
#8 D:\Projects\Mysztech\SIO - Stock Inventory Operations\sio_backend\vendor\laravel\framework\src\Illuminate\Auth\Middleware\Authorize.php(59): Illuminate\Pipeline\Pipeline->{closure:Illuminate\Pipeline\Pipeline::prepareDestination():178}(Object(Illuminate\Http\Request))
#9 D:\Projects\Mysztech\SIO - Stock Inventory Operations\sio_backend\vendor\laravel\framework\src\Illuminate\Pipeline\Pipeline.php(219): Illuminate\Auth\Middleware\Authorize->handle(Object(Illuminate\Http\Request), Object(Closure), 'access-staff')
#10 D:\Projects\Mysztech\SIO - Stock Inventory Operations\sio_backend\app\Http\Middleware\EnsureUserIsActive.php(20): Illuminate\Pipeline\Pipeline->{closure:{closure:Illuminate\Pipeline\Pipeline::carry():194}:195}(Object(Illuminate\Http\Request))
#11 D:\Projects\Mysztech\SIO - Stock Inventory Operations\sio_backend\vendor\laravel\framework\src\Illuminate\Pipeline\Pipeline.php(219): App\Http\Middleware\EnsureUserIsActive->handle(Object(Illuminate\Http\Request), Object(Closure))
#12 D:\Projects\Mysztech\SIO - Stock Inventory Operations\sio_backend\vendor\laravel\framework\src\Illuminate\Routing\Middleware\SubstituteBindings.php(52): Illuminate\Pipeline\Pipeline->{closure:{closure:Illuminate\Pipeline\Pipeline::carry():194}:195}(Object(Illuminate\Http\Request))
#13 D:\Projects\Mysztech\SIO - Stock Inventory Operations\sio_backend\vendor\laravel\framework\src\Illuminate\Pipeline\Pipeline.php(219): Illuminate\Routing\Middleware\SubstituteBindings->handle(Object(Illuminate\Http\Request), Object(Closure))
#14 D:\Projects\Mysztech\SIO - Stock Inventory Operations\sio_backend\vendor\laravel\framework\src\Illuminate\Auth\Middleware\Authenticate.php(63): Illuminate\Pipeline\Pipeline->{closure:{closure:Illuminate\Pipeline\Pipeline::carry():194}:195}(Object(Illuminate\Http\Request))
#15 D:\Projects\Mysztech\SIO - Stock Inventory Operations\sio_backend\vendor\laravel\framework\src\Illuminate\Pipeline\Pipeline.php(219): Illuminate\Auth\Middleware\Authenticate->handle(Object(Illuminate\Http\Request), Object(Closure), 'sanctum')
#16 D:\Projects\Mysztech\SIO - Stock Inventory Operations\sio_backend\vendor\laravel\framework\src\Illuminate\Pipeline\Pipeline.php(137): Illuminate\Pipeline\Pipeline->{closure:{closure:Illuminate\Pipeline\Pipeline::carry():194}:195}(Object(Illuminate\Http\Request))
#17 D:\Projects\Mysztech\SIO - Stock Inventory Operations\sio_backend\vendor\laravel\framework\src\Illuminate\Routing\Router.php(821): Illuminate\Pipeline\Pipeline->then(Object(Closure))
#18 D:\Projects\Mysztech\SIO - Stock Inventory Operations\sio_backend\vendor\laravel\framework\src\Illuminate\Routing\Router.php(800): Illuminate\Routing\Router->runRouteWithinStack(Object(Illuminate\Routing\Route), Object(Illuminate\Http\Request))
#19 D:\Projects\Mysztech\SIO - Stock Inventory Operations\sio_backend\vendor\laravel\framework\src\Illuminate\Routing\Router.php(764): Illuminate\Routing\Router->runRoute(Object(Illuminate\Http\Request), Object(Illuminate\Routing\Route))
#20 D:\Projects\Mysztech\SIO - Stock Inventory Operations\sio_backend\vendor\laravel\framework\src\Illuminate\Routing\Router.php(753): Illuminate\Routing\Router->dispatchToRoute(Object(Illuminate\Http\Request))
#21 D:\Projects\Mysztech\SIO - Stock Inventory Operations\sio_backend\vendor\laravel\framework\src\Illuminate\Foundation\Http\Kernel.php(200): Illuminate\Routing\Router->dispatch(Object(Illuminate\Http\Request))
#22 D:\Projects\Mysztech\SIO - Stock Inventory Operations\sio_backend\vendor\laravel\framework\src\Illuminate\Pipeline\Pipeline.php(180): Illuminate\Foundation\Http\Kernel->{closure:Illuminate\Foundation\Http\Kernel::dispatchToRouter():197}(Object(Illuminate\Http\Request))
#23 D:\Projects\Mysztech\SIO - Stock Inventory Operations\sio_backend\vendor\laravel\framework\src\Illuminate\Foundation\Http\Middleware\TransformsRequest.php(21): Illuminate\Pipeline\Pipeline->{closure:Illuminate\Pipeline\Pipeline::prepareDestination():178}(Object(Illuminate\Http\Request))
#24 D:\Projects\Mysztech\SIO - Stock Inventory Operations\sio_backend\vendor\laravel\framework\src\Illuminate\Foundation\Http\Middleware\ConvertEmptyStringsToNull.php(31): Illuminate\Foundation\Http\Middleware\TransformsRequest->handle(Object(Illuminate\Http\Request), Object(Closure))
#25 D:\Projects\Mysztech\SIO - Stock Inventory Operations\sio_backend\vendor\laravel\framework\src\Illuminate\Pipeline\Pipeline.php(219): Illuminate\Foundation\Http\Middleware\ConvertEmptyStringsToNull->handle(Object(Illuminate\Http\Request), Object(Closure))
#26 D:\Projects\Mysztech\SIO - Stock Inventory Operations\sio_backend\vendor\laravel\framework\src\Illuminate\Foundation\Http\Middleware\TransformsRequest.php(21): Illuminate\Pipeline\Pipeline->{closure:{closure:Illuminate\Pipeline\Pipeline::carry():194}:195}(Object(Illuminate\Http\Request))
#27 D:\Projects\Mysztech\SIO - Stock Inventory Operations\sio_backend\vendor\laravel\framework\src\Illuminate\Foundation\Http\Middleware\TrimStrings.php(51): Illuminate\Foundation\Http\Middleware\TransformsRequest->handle(Object(Illuminate\Http\Request), Object(Closure))
#28 D:\Projects\Mysztech\SIO - Stock Inventory Operations\sio_backend\vendor\laravel\framework\src\Illuminate\Pipeline\Pipeline.php(219): Illuminate\Foundation\Http\Middleware\TrimStrings->handle(Object(Illuminate\Http\Request), Object(Closure))
#29 D:\Projects\Mysztech\SIO - Stock Inventory Operations\sio_backend\vendor\laravel\framework\src\Illuminate\Http\Middleware\ValidatePostSize.php(27): Illuminate\Pipeline\Pipeline->{closure:{closure:Illuminate\Pipeline\Pipeline::carry():194}:195}(Object(Illuminate\Http\Request))
#30 D:\Projects\Mysztech\SIO - Stock Inventory Operations\sio_backend\vendor\laravel\framework\src\Illuminate\Pipeline\Pipeline.php(219): Illuminate\Http\Middleware\ValidatePostSize->handle(Object(Illuminate\Http\Request), Object(Closure))
#31 D:\Projects\Mysztech\SIO - Stock Inventory Operations\sio_backend\vendor\laravel\framework\src\Illuminate\Foundation\Http\Middleware\PreventRequestsDuringMaintenance.php(109): Illuminate\Pipeline\Pipeline->{closure:{closure:Illuminate\Pipeline\Pipeline::carry():194}:195}(Object(Illuminate\Http\Request))
#32 D:\Projects\Mysztech\SIO - Stock Inventory Operations\sio_backend\vendor\laravel\framework\src\Illuminate\Pipeline\Pipeline.php(219): Illuminate\Foundation\Http\Middleware\PreventRequestsDuringMaintenance->handle(Object(Illuminate\Http\Request), Object(Closure))
#33 D:\Projects\Mysztech\SIO - Stock Inventory Operations\sio_backend\vendor\laravel\framework\src\Illuminate\Http\Middleware\HandleCors.php(74): Illuminate\Pipeline\Pipeline->{closure:{closure:Illuminate\Pipeline\Pipeline::carry():194}:195}(Object(Illuminate\Http\Request))
#34 D:\Projects\Mysztech\SIO - Stock Inventory Operations\sio_backend\vendor\laravel\framework\src\Illuminate\Pipeline\Pipeline.php(219): Illuminate\Http\Middleware\HandleCors->handle(Object(Illuminate\Http\Request), Object(Closure))
#35 D:\Projects\Mysztech\SIO - Stock Inventory Operations\sio_backend\vendor\laravel\framework\src\Illuminate\Http\Middleware\TrustProxies.php(58): Illuminate\Pipeline\Pipeline->{closure:{closure:Illuminate\Pipeline\Pipeline::carry():194}:195}(Object(Illuminate\Http\Request))
#36 D:\Projects\Mysztech\SIO - Stock Inventory Operations\sio_backend\vendor\laravel\framework\src\Illuminate\Pipeline\Pipeline.php(219): Illuminate\Http\Middleware\TrustProxies->handle(Object(Illuminate\Http\Request), Object(Closure))
#37 D:\Projects\Mysztech\SIO - Stock Inventory Operations\sio_backend\vendor\laravel\framework\src\Illuminate\Foundation\Http\Middleware\InvokeDeferredCallbacks.php(22): Illuminate\Pipeline\Pipeline->{closure:{closure:Illuminate\Pipeline\Pipeline::carry():194}:195}(Object(Illuminate\Http\Request))
#38 D:\Projects\Mysztech\SIO - Stock Inventory Operations\sio_backend\vendor\laravel\framework\src\Illuminate\Pipeline\Pipeline.php(219): Illuminate\Foundation\Http\Middleware\InvokeDeferredCallbacks->handle(Object(Illuminate\Http\Request), Object(Closure))
#39 D:\Projects\Mysztech\SIO - Stock Inventory Operations\sio_backend\vendor\laravel\framework\src\Illuminate\Http\Middleware\ValidatePathEncoding.php(28): Illuminate\Pipeline\Pipeline->{closure:{closure:Illuminate\Pipeline\Pipeline::carry():194}:195}(Object(Illuminate\Http\Request))
#40 D:\Projects\Mysztech\SIO - Stock Inventory Operations\sio_backend\vendor\laravel\framework\src\Illuminate\Pipeline\Pipeline.php(219): Illuminate\Http\Middleware\ValidatePathEncoding->handle(Object(Illuminate\Http\Request), Object(Closure))
#41 D:\Projects\Mysztech\SIO - Stock Inventory Operations\sio_backend\vendor\laravel\framework\src\Illuminate\Pipeline\Pipeline.php(137): Illuminate\Pipeline\Pipeline->{closure:{closure:Illuminate\Pipeline\Pipeline::carry():194}:195}(Object(Illuminate\Http\Request))
#42 D:\Projects\Mysztech\SIO - Stock Inventory Operations\sio_backend\vendor\laravel\framework\src\Illuminate\Foundation\Http\Kernel.php(175): Illuminate\Pipeline\Pipeline->then(Object(Closure))
#43 D:\Projects\Mysztech\SIO - Stock Inventory Operations\sio_backend\vendor\laravel\framework\src\Illuminate\Foundation\Http\Kernel.php(144): Illuminate\Foundation\Http\Kernel->sendRequestThroughRouter(Object(Illuminate\Http\Request))
#44 D:\Projects\Mysztech\SIO - Stock Inventory Operations\sio_backend\vendor\laravel\framework\src\Illuminate\Foundation\Testing\Concerns\MakesHttpRequests.php(607): Illuminate\Foundation\Http\Kernel->handle(Object(Illuminate\Http\Request))
#45 D:\Projects\Mysztech\SIO - Stock Inventory Operations\sio_backend\vendor\laravel\framework\src\Illuminate\Foundation\Testing\Concerns\MakesHttpRequests.php(573): Illuminate\Foundation\Testing\TestCase->call('GET', '/api/reports/st...', Array, Array, Array, Array, '[]')
#46 D:\Projects\Mysztech\SIO - Stock Inventory Operations\sio_backend\vendor\laravel\framework\src\Illuminate\Foundation\Testing\Concerns\MakesHttpRequests.php(381): Illuminate\Foundation\Testing\TestCase->json('GET', '/api/reports/st...', Array, Array, 0)
#47 D:\Projects\Mysztech\SIO - Stock Inventory Operations\sio_backend\tests\Feature\SprintCExportFormatsTest.php(212): Illuminate\Foundation\Testing\TestCase->getJson('/api/reports/st...')
#48 D:\Projects\Mysztech\SIO - Stock Inventory Operations\sio_backend\vendor\phpunit\phpunit\src\Framework\TestCase.php(1332): Tests\Feature\SprintCExportFormatsTest->test_staff_can_export_with_different_formats()
#49 D:\Projects\Mysztech\SIO - Stock Inventory Operations\sio_backend\vendor\phpunit\phpunit\src\Framework\TestCase.php(519): PHPUnit\Framework\TestCase->runTest()
#50 D:\Projects\Mysztech\SIO - Stock Inventory Operations\sio_backend\vendor\phpunit\phpunit\src\Framework\TestRunner\TestRunner.php(99): PHPUnit\Framework\TestCase->runBare()
#51 D:\Projects\Mysztech\SIO - Stock Inventory Operations\sio_backend\vendor\phpunit\phpunit\src\Framework\TestCase.php(359): PHPUnit\Framework\TestRunner->run(Object(Tests\Feature\SprintCExportFormatsTest))
#52 D:\Projects\Mysztech\SIO - Stock Inventory Operations\sio_backend\vendor\phpunit\phpunit\src\Framework\TestSuite.php(374): PHPUnit\Framework\TestCase->run()
#53 D:\Projects\Mysztech\SIO - Stock Inventory Operations\sio_backend\vendor\phpunit\phpunit\src\TextUI\TestRunner.php(64): PHPUnit\Framework\TestSuite->run()
#54 D:\Projects\Mysztech\SIO - Stock Inventory Operations\sio_backend\vendor\phpunit\phpunit\src\TextUI\Application.php(229): PHPUnit\TextUI\TestRunner->run(Object(PHPUnit\TextUI\Configuration\Configuration), Object(PHPUnit\Runner\ResultCache\DefaultResultCache), Object(PHPUnit\Framework\TestSuite))
#55 D:\Projects\Mysztech\SIO - Stock Inventory Operations\sio_backend\vendor\phpunit\phpunit\phpunit(104): PHPUnit\TextUI\Application->run(Array)
#56 {main}

----------------------------------------------------------------------------------

Object of class App\Domain\InventoryCore\Enums\MovementType could not be converted to string

  at tests\Feature\SprintCExportFormatsTest.php:213
    209Ôûò             ->assertHeader('content-type', 'text/csv; charset=UTF-8');
    210Ôûò 
    211Ôûò         // Staff exports as PDF
    212Ôûò         $this->getJson('/api/reports/stock-movements/export?format=pdf')
  Ô×£ 213Ôûò             ->assertOk()
    214Ôûò             ->assertHeader('content-type', 'application/pdf');
    215Ôûò 
    216Ôûò         // Staff exports as XLSX
    217Ôûò         $this->getJson('/api/reports/stock-movements/export?format=xlsx')

  ÔöÇÔöÇÔöÇÔöÇÔöÇÔöÇÔöÇÔöÇÔöÇÔöÇÔöÇÔöÇÔöÇÔöÇÔöÇÔöÇÔöÇÔöÇÔöÇÔöÇÔöÇÔöÇÔöÇÔöÇÔöÇÔöÇÔöÇÔöÇÔöÇÔöÇÔöÇÔöÇÔöÇÔöÇÔöÇÔöÇÔöÇÔöÇÔöÇÔöÇÔöÇÔöÇÔöÇÔöÇÔöÇÔöÇÔöÇÔöÇÔöÇÔöÇÔöÇÔöÇÔöÇÔöÇÔöÇÔöÇÔöÇÔöÇÔöÇÔöÇÔöÇÔöÇÔöÇÔöÇÔöÇÔöÇÔöÇÔöÇÔöÇÔöÇÔöÇÔöÇÔöÇÔöÇÔöÇÔöÇ  
   FAILED  Tests\Feature\SprintCExportFormatsTest > export with filters andÔÇª    
  Expected response status code [200] but received 500.
Failed asserting that 500 is identical to 200.

The following exception occurred during the last request:

Error: Object of class App\Domain\InventoryCore\Enums\MovementType could not be converted to string in D:\Projects\Mysztech\SIO - Stock Inventory Operations\sio_backend\app\Application\ReportingAudit\Reports\Services\ExportService.php:110
Stack trace:
#0 D:\Projects\Mysztech\SIO - Stock Inventory Operations\sio_backend\app\Application\ReportingAudit\Reports\Services\ExportService.php(41): App\Application\ReportingAudit\Reports\Services\ExportService->exportToExcel(Object(Illuminate\Database\Eloquent\Collection), Array, 'stock-movements...')
#1 D:\Projects\Mysztech\SIO - Stock Inventory Operations\sio_backend\app\Http\Controllers\Api\ReportingAudit\MovementReportController.php(78): App\Application\ReportingAudit\Reports\Services\ExportService->export(Object(Illuminate\Database\Eloquent\Collection), Array, 'stock-movements...', 'xlsx')
#2 D:\Projects\Mysztech\SIO - Stock Inventory Operations\sio_backend\vendor\laravel\framework\src\Illuminate\Routing\ControllerDispatcher.php(46): App\Http\Controllers\Api\ReportingAudit\MovementReportController->export(Object(App\Http\Requests\Api\ReportingAudit\Report\StockMovementReportRequest))
#3 D:\Projects\Mysztech\SIO - Stock Inventory Operations\sio_backend\vendor\laravel\framework\src\Illuminate\Routing\Route.php(269): Illuminate\Routing\ControllerDispatcher->dispatch(Object(Illuminate\Routing\Route), Object(App\Http\Controllers\Api\ReportingAudit\MovementReportController), 'export')
#4 D:\Projects\Mysztech\SIO - Stock Inventory Operations\sio_backend\vendor\laravel\framework\src\Illuminate\Routing\Route.php(215): Illuminate\Routing\Route->runController()
#5 D:\Projects\Mysztech\SIO - Stock Inventory Operations\sio_backend\vendor\laravel\framework\src\Illuminate\Routing\Router.php(822): Illuminate\Routing\Route->run()
#6 D:\Projects\Mysztech\SIO - Stock Inventory Operations\sio_backend\vendor\laravel\framework\src\Illuminate\Pipeline\Pipeline.php(180): Illuminate\Routing\Router->{closure:Illuminate\Routing\Router::runRouteWithinStack():821}(Object(Illuminate\Http\Request))
#7 D:\Projects\Mysztech\SIO - Stock Inventory Operations\sio_backend\vendor\laravel\framework\src\Illuminate\Auth\Middleware\Authorize.php(59): Illuminate\Pipeline\Pipeline->{closure:Illuminate\Pipeline\Pipeline::prepareDestination():178}(Object(Illuminate\Http\Request))
#8 D:\Projects\Mysztech\SIO - Stock Inventory Operations\sio_backend\vendor\laravel\framework\src\Illuminate\Pipeline\Pipeline.php(219): Illuminate\Auth\Middleware\Authorize->handle(Object(Illuminate\Http\Request), Object(Closure), 'access-staff')
#9 D:\Projects\Mysztech\SIO - Stock Inventory Operations\sio_backend\app\Http\Middleware\EnsureUserIsActive.php(20): Illuminate\Pipeline\Pipeline->{closure:{closure:Illuminate\Pipeline\Pipeline::carry():194}:195}(Object(Illuminate\Http\Request))
#10 D:\Projects\Mysztech\SIO - Stock Inventory Operations\sio_backend\vendor\laravel\framework\src\Illuminate\Pipeline\Pipeline.php(219): App\Http\Middleware\EnsureUserIsActive->handle(Object(Illuminate\Http\Request), Object(Closure))
#11 D:\Projects\Mysztech\SIO - Stock Inventory Operations\sio_backend\vendor\laravel\framework\src\Illuminate\Routing\Middleware\SubstituteBindings.php(52): Illuminate\Pipeline\Pipeline->{closure:{closure:Illuminate\Pipeline\Pipeline::carry():194}:195}(Object(Illuminate\Http\Request))
#12 D:\Projects\Mysztech\SIO - Stock Inventory Operations\sio_backend\vendor\laravel\framework\src\Illuminate\Pipeline\Pipeline.php(219): Illuminate\Routing\Middleware\SubstituteBindings->handle(Object(Illuminate\Http\Request), Object(Closure))
#13 D:\Projects\Mysztech\SIO - Stock Inventory Operations\sio_backend\vendor\laravel\framework\src\Illuminate\Auth\Middleware\Authenticate.php(63): Illuminate\Pipeline\Pipeline->{closure:{closure:Illuminate\Pipeline\Pipeline::carry():194}:195}(Object(Illuminate\Http\Request))
#14 D:\Projects\Mysztech\SIO - Stock Inventory Operations\sio_backend\vendor\laravel\framework\src\Illuminate\Pipeline\Pipeline.php(219): Illuminate\Auth\Middleware\Authenticate->handle(Object(Illuminate\Http\Request), Object(Closure), 'sanctum')
#15 D:\Projects\Mysztech\SIO - Stock Inventory Operations\sio_backend\vendor\laravel\framework\src\Illuminate\Pipeline\Pipeline.php(137): Illuminate\Pipeline\Pipeline->{closure:{closure:Illuminate\Pipeline\Pipeline::carry():194}:195}(Object(Illuminate\Http\Request))
#16 D:\Projects\Mysztech\SIO - Stock Inventory Operations\sio_backend\vendor\laravel\framework\src\Illuminate\Routing\Router.php(821): Illuminate\Pipeline\Pipeline->then(Object(Closure))
#17 D:\Projects\Mysztech\SIO - Stock Inventory Operations\sio_backend\vendor\laravel\framework\src\Illuminate\Routing\Router.php(800): Illuminate\Routing\Router->runRouteWithinStack(Object(Illuminate\Routing\Route), Object(Illuminate\Http\Request))
#18 D:\Projects\Mysztech\SIO - Stock Inventory Operations\sio_backend\vendor\laravel\framework\src\Illuminate\Routing\Router.php(764): Illuminate\Routing\Router->runRoute(Object(Illuminate\Http\Request), Object(Illuminate\Routing\Route))
#19 D:\Projects\Mysztech\SIO - Stock Inventory Operations\sio_backend\vendor\laravel\framework\src\Illuminate\Routing\Router.php(753): Illuminate\Routing\Router->dispatchToRoute(Object(Illuminate\Http\Request))
#20 D:\Projects\Mysztech\SIO - Stock Inventory Operations\sio_backend\vendor\laravel\framework\src\Illuminate\Foundation\Http\Kernel.php(200): Illuminate\Routing\Router->dispatch(Object(Illuminate\Http\Request))
#21 D:\Projects\Mysztech\SIO - Stock Inventory Operations\sio_backend\vendor\laravel\framework\src\Illuminate\Pipeline\Pipeline.php(180): Illuminate\Foundation\Http\Kernel->{closure:Illuminate\Foundation\Http\Kernel::dispatchToRouter():197}(Object(Illuminate\Http\Request))
#22 D:\Projects\Mysztech\SIO - Stock Inventory Operations\sio_backend\vendor\laravel\framework\src\Illuminate\Foundation\Http\Middleware\TransformsRequest.php(21): Illuminate\Pipeline\Pipeline->{closure:Illuminate\Pipeline\Pipeline::prepareDestination():178}(Object(Illuminate\Http\Request))
#23 D:\Projects\Mysztech\SIO - Stock Inventory Operations\sio_backend\vendor\laravel\framework\src\Illuminate\Foundation\Http\Middleware\ConvertEmptyStringsToNull.php(31): Illuminate\Foundation\Http\Middleware\TransformsRequest->handle(Object(Illuminate\Http\Request), Object(Closure))
#24 D:\Projects\Mysztech\SIO - Stock Inventory Operations\sio_backend\vendor\laravel\framework\src\Illuminate\Pipeline\Pipeline.php(219): Illuminate\Foundation\Http\Middleware\ConvertEmptyStringsToNull->handle(Object(Illuminate\Http\Request), Object(Closure))
#25 D:\Projects\Mysztech\SIO - Stock Inventory Operations\sio_backend\vendor\laravel\framework\src\Illuminate\Foundation\Http\Middleware\TransformsRequest.php(21): Illuminate\Pipeline\Pipeline->{closure:{closure:Illuminate\Pipeline\Pipeline::carry():194}:195}(Object(Illuminate\Http\Request))
#26 D:\Projects\Mysztech\SIO - Stock Inventory Operations\sio_backend\vendor\laravel\framework\src\Illuminate\Foundation\Http\Middleware\TrimStrings.php(51): Illuminate\Foundation\Http\Middleware\TransformsRequest->handle(Object(Illuminate\Http\Request), Object(Closure))
#27 D:\Projects\Mysztech\SIO - Stock Inventory Operations\sio_backend\vendor\laravel\framework\src\Illuminate\Pipeline\Pipeline.php(219): Illuminate\Foundation\Http\Middleware\TrimStrings->handle(Object(Illuminate\Http\Request), Object(Closure))
#28 D:\Projects\Mysztech\SIO - Stock Inventory Operations\sio_backend\vendor\laravel\framework\src\Illuminate\Http\Middleware\ValidatePostSize.php(27): Illuminate\Pipeline\Pipeline->{closure:{closure:Illuminate\Pipeline\Pipeline::carry():194}:195}(Object(Illuminate\Http\Request))
#29 D:\Projects\Mysztech\SIO - Stock Inventory Operations\sio_backend\vendor\laravel\framework\src\Illuminate\Pipeline\Pipeline.php(219): Illuminate\Http\Middleware\ValidatePostSize->handle(Object(Illuminate\Http\Request), Object(Closure))
#30 D:\Projects\Mysztech\SIO - Stock Inventory Operations\sio_backend\vendor\laravel\framework\src\Illuminate\Foundation\Http\Middleware\PreventRequestsDuringMaintenance.php(109): Illuminate\Pipeline\Pipeline->{closure:{closure:Illuminate\Pipeline\Pipeline::carry():194}:195}(Object(Illuminate\Http\Request))
#31 D:\Projects\Mysztech\SIO - Stock Inventory Operations\sio_backend\vendor\laravel\framework\src\Illuminate\Pipeline\Pipeline.php(219): Illuminate\Foundation\Http\Middleware\PreventRequestsDuringMaintenance->handle(Object(Illuminate\Http\Request), Object(Closure))
#32 D:\Projects\Mysztech\SIO - Stock Inventory Operations\sio_backend\vendor\laravel\framework\src\Illuminate\Http\Middleware\HandleCors.php(74): Illuminate\Pipeline\Pipeline->{closure:{closure:Illuminate\Pipeline\Pipeline::carry():194}:195}(Object(Illuminate\Http\Request))
#33 D:\Projects\Mysztech\SIO - Stock Inventory Operations\sio_backend\vendor\laravel\framework\src\Illuminate\Pipeline\Pipeline.php(219): Illuminate\Http\Middleware\HandleCors->handle(Object(Illuminate\Http\Request), Object(Closure))
#34 D:\Projects\Mysztech\SIO - Stock Inventory Operations\sio_backend\vendor\laravel\framework\src\Illuminate\Http\Middleware\TrustProxies.php(58): Illuminate\Pipeline\Pipeline->{closure:{closure:Illuminate\Pipeline\Pipeline::carry():194}:195}(Object(Illuminate\Http\Request))
#35 D:\Projects\Mysztech\SIO - Stock Inventory Operations\sio_backend\vendor\laravel\framework\src\Illuminate\Pipeline\Pipeline.php(219): Illuminate\Http\Middleware\TrustProxies->handle(Object(Illuminate\Http\Request), Object(Closure))
#36 D:\Projects\Mysztech\SIO - Stock Inventory Operations\sio_backend\vendor\laravel\framework\src\Illuminate\Foundation\Http\Middleware\InvokeDeferredCallbacks.php(22): Illuminate\Pipeline\Pipeline->{closure:{closure:Illuminate\Pipeline\Pipeline::carry():194}:195}(Object(Illuminate\Http\Request))
#37 D:\Projects\Mysztech\SIO - Stock Inventory Operations\sio_backend\vendor\laravel\framework\src\Illuminate\Pipeline\Pipeline.php(219): Illuminate\Foundation\Http\Middleware\InvokeDeferredCallbacks->handle(Object(Illuminate\Http\Request), Object(Closure))
#38 D:\Projects\Mysztech\SIO - Stock Inventory Operations\sio_backend\vendor\laravel\framework\src\Illuminate\Http\Middleware\ValidatePathEncoding.php(28): Illuminate\Pipeline\Pipeline->{closure:{closure:Illuminate\Pipeline\Pipeline::carry():194}:195}(Object(Illuminate\Http\Request))
#39 D:\Projects\Mysztech\SIO - Stock Inventory Operations\sio_backend\vendor\laravel\framework\src\Illuminate\Pipeline\Pipeline.php(219): Illuminate\Http\Middleware\ValidatePathEncoding->handle(Object(Illuminate\Http\Request), Object(Closure))
#40 D:\Projects\Mysztech\SIO - Stock Inventory Operations\sio_backend\vendor\laravel\framework\src\Illuminate\Pipeline\Pipeline.php(137): Illuminate\Pipeline\Pipeline->{closure:{closure:Illuminate\Pipeline\Pipeline::carry():194}:195}(Object(Illuminate\Http\Request))
#41 D:\Projects\Mysztech\SIO - Stock Inventory Operations\sio_backend\vendor\laravel\framework\src\Illuminate\Foundation\Http\Kernel.php(175): Illuminate\Pipeline\Pipeline->then(Object(Closure))
#42 D:\Projects\Mysztech\SIO - Stock Inventory Operations\sio_backend\vendor\laravel\framework\src\Illuminate\Foundation\Http\Kernel.php(144): Illuminate\Foundation\Http\Kernel->sendRequestThroughRouter(Object(Illuminate\Http\Request))
#43 D:\Projects\Mysztech\SIO - Stock Inventory Operations\sio_backend\vendor\laravel\framework\src\Illuminate\Foundation\Testing\Concerns\MakesHttpRequests.php(607): Illuminate\Foundation\Http\Kernel->handle(Object(Illuminate\Http\Request))
#44 D:\Projects\Mysztech\SIO - Stock Inventory Operations\sio_backend\vendor\laravel\framework\src\Illuminate\Foundation\Testing\Concerns\MakesHttpRequests.php(573): Illuminate\Foundation\Testing\TestCase->call('GET', '/api/reports/st...', Array, Array, Array, Array, '[]')
#45 D:\Projects\Mysztech\SIO - Stock Inventory Operations\sio_backend\vendor\laravel\framework\src\Illuminate\Foundation\Testing\Concerns\MakesHttpRequests.php(381): Illuminate\Foundation\Testing\TestCase->json('GET', '/api/reports/st...', Array, Array, 0)
#46 D:\Projects\Mysztech\SIO - Stock Inventory Operations\sio_backend\tests\Feature\SprintCExportFormatsTest.php(230): Illuminate\Foundation\Testing\TestCase->getJson('/api/reports/st...')
#47 D:\Projects\Mysztech\SIO - Stock Inventory Operations\sio_backend\vendor\phpunit\phpunit\src\Framework\TestCase.php(1332): Tests\Feature\SprintCExportFormatsTest->test_export_with_filters_and_format()
#48 D:\Projects\Mysztech\SIO - Stock Inventory Operations\sio_backend\vendor\phpunit\phpunit\src\Framework\TestCase.php(519): PHPUnit\Framework\TestCase->runTest()
#49 D:\Projects\Mysztech\SIO - Stock Inventory Operations\sio_backend\vendor\phpunit\phpunit\src\Framework\TestRunner\TestRunner.php(99): PHPUnit\Framework\TestCase->runBare()
#50 D:\Projects\Mysztech\SIO - Stock Inventory Operations\sio_backend\vendor\phpunit\phpunit\src\Framework\TestCase.php(359): PHPUnit\Framework\TestRunner->run(Object(Tests\Feature\SprintCExportFormatsTest))
#51 D:\Projects\Mysztech\SIO - Stock Inventory Operations\sio_backend\vendor\phpunit\phpunit\src\Framework\TestSuite.php(374): PHPUnit\Framework\TestCase->run()
#52 D:\Projects\Mysztech\SIO - Stock Inventory Operations\sio_backend\vendor\phpunit\phpunit\src\TextUI\TestRunner.php(64): PHPUnit\Framework\TestSuite->run()
#53 D:\Projects\Mysztech\SIO - Stock Inventory Operations\sio_backend\vendor\phpunit\phpunit\src\TextUI\Application.php(229): PHPUnit\TextUI\TestRunner->run(Object(PHPUnit\TextUI\Configuration\Configuration), Object(PHPUnit\Runner\ResultCache\DefaultResultCache), Object(PHPUnit\Framework\TestSuite))
#54 D:\Projects\Mysztech\SIO - Stock Inventory Operations\sio_backend\vendor\phpunit\phpunit\phpunit(104): PHPUnit\TextUI\Application->run(Array)
#55 {main}

----------------------------------------------------------------------------------

Object of class App\Domain\InventoryCore\Enums\MovementType could not be converted to string

  at tests\Feature\SprintCExportFormatsTest.php:231
    227Ôûò         Sanctum::actingAs($admin, ['admin-access']);
    228Ôûò 
    229Ôûò         // Export with filters and format
    230Ôûò         $response = $this->getJson('/api/reports/stock-movements/export?per_page=10&date_from=2026-01-01&format=xlsx')
  Ô×£ 231Ôûò             ->assertOk()
    232Ôûò             ->assertHeader('content-type', 'application/vnd.openxmlformats-officedocument.spreadsheetml.sheet');
    233Ôûò 
    234Ôûò         $content = $response->getContent();
    235Ôûò         $this->assertNotEmpty($content);


  Tests:    11 failed, 1 passed (60 assertions)
  Duration: 1.44s

